******************************************************************************
                  TI ARM Linker PC v18.1.2                     
******************************************************************************
>> Linked Fri Jul 27 00:04:45 2018

OUTPUT FILE NAME:   <Inverter.out>
ENTRY POINT SYMBOL: "_c_int00"  address: 00003cf5


MEMORY CONFIGURATION

         name            origin    length      used     unused   attr    fill
----------------------  --------  ---------  --------  --------  ----  --------
  FLASH                 00000000   00100000  0000641e  000f9be2  R  X
  SRAM                  20000000   00040000  00031430  0000ebd0  RW X


SEGMENT ALLOCATION MAP

run origin  load origin   length   init length attrs members
----------  ----------- ---------- ----------- ----- -------
00000000    00000000    00006428   00006428    r-x
  00000000    00000000    0000003c   0000003c    r-- .resetVecs
  00000040    00000040    0000587a   0000587a    r-x .text
  000058c0    000058c0    00000890   00000890    r-- .const
  00006150    00006150    000002d8   000002d8    r-- .cinit
20000360    20000360    00030000   00000000    r--
  20000360    20000360    00030000   00000000    r-- .priheap
20030360    20030360    00000cd4   00000000    rw-
  20030360    20030360    0000069c   00000000    rw- .bss
  20030a00    20030a00    00000634   00000000    rw- .data
2003fc00    2003fc00    00000400   00000000    rw-
  2003fc00    2003fc00    00000400   00000000    rw- .stack


SECTION ALLOCATION MAP

 output                                  attributes/
section   page    origin      length       input sections
--------  ----  ----------  ----------   ----------------
.text      0    00000040    0000587a     
                  00000040    00000738     rtsv7M4_T_le_v4SPD16_eabi.lib : k_rem_pio2.c.obj (.text:__kernel_rem_pio2)
                  00000778    000005c4                                   : s_sin.c.obj (.text:sin)
                  00000d3c    00000004     dpl_msp432e4.aem4f : ClockP_tirtos.oem4f (.text:ClockP_getCpuFreq)
                  00000d40    000002b4     sysbios.aem4f : BIOS.obj (.text:ti_sysbios_family_arm_msp432e4_init_Boot_sysCtlClockFreqSetI__I)
                  00000ff4    000001b6     rtsv7M4_T_le_v4SPD16_eabi.lib : fd_add_t2.asm.obj (.text)
                  000011aa    00000002     drivers_msp432e4.aem4f : TimerMSP432E4.oem4f (.text:TimerMSP432E4_init)
                  000011ac    00000174     rtsv7M4_T_le_v4SPD16_eabi.lib : k_sin.c.obj (.text:__kernel_sin)
                  00001320    0000016c                                   : k_cos.c.obj (.text:__kernel_cos)
                  0000148c    00000158     drivers_msp432e4.aem4f : GPIOMSP432E4.oem4f (.text:GPIO_setConfig)
                  000015e4    00000004     dpl_msp432e4.aem4f : HwiP_tirtos.oem4f (.text:HwiP_clearInterrupt)
                  000015e8    00000154     sysbios.aem4f : BIOS.obj (.text:ti_sysbios_knl_Task_Instance_finalize__E)
                  0000173c    00000136     rtsv7M4_T_le_v4SPD16_eabi.lib : fd_div_t2.asm.obj (.text)
                  00001872    00000130     msp432e4_driverlib.a : gpio_MSP432E411Y.obj (.text:GPIOPadConfigSet)
                  000019a2    00000006                          : gpio_MSP432E411Y.obj (.text:GPIOIntClear)
                  000019a8    00000130     sysbios.aem4f : BIOS.obj (.text:ti_sysbios_knl_Semaphore_pend__E)
                  00001ad8    00000122     empty.obj (.text:mainThread)
                  00001bfa    00000006     msp432e4_driverlib.a : gpio_MSP432E411Y.obj (.text:GPIOPinWrite)
                  00001c00    0000011c     sysbios.aem4f : BIOS.obj (.text:xdc_runtime_Startup_startMods__I)
                  00001d1c    00000118     drivers_msp432e4.aem4f : TimerMSP432E4.oem4f (.text:TimerMSP432E4_open)
                  00001e34    00000110     rtsv7M4_T_le_v4SPD16_eabi.lib : s_scalbn.c.obj (.text:scalbn)
                  00001f44    00000004     dpl_msp432e4.aem4f : HwiP_tirtos.oem4f (.text:HwiP_disable)
                  00001f48    00000110     sysbios.aem4f : BIOS.obj (.text:ti_sysbios_knl_Task_postInit__I)
                  00002058    0000010c                   : BIOS.obj (.text:ti_sysbios_family_arm_lm4_Timer_start__E)
                  00002164    000000fc     rtsv7M4_T_le_v4SPD16_eabi.lib : fd_mul_t2.asm.obj (.text)
                  00002260    000000f8                                   : s_floor.c.obj (.text:floor)
                  00002358    000000f0     sysbios.aem4f : m3_Hwi_asm.obj (.text:ti_sysbios_family_arm_m3_Hwi_dispatch__I)
                  00002448    000000ec                   : BIOS.obj (.text:ti_sysbios_knl_Task_Instance_init__E)
                  00002534    00000004     dpl_msp432e4.aem4f : SemaphoreP_tirtos.oem4f (.text:SemaphoreP_post)
                  00002538    000000d8     sysbios.aem4f : BIOS.obj (.text:pthread_create)
                  00002610    000000d0                   : BIOS.obj (.text:ti_sysbios_heaps_HeapMem_alloc__E)
                  000026e0    000000bc                   : BIOS.obj (.text:xdc_runtime_Core_createObject__I)
                  0000279c    00000004     msp432e4_driverlib.a : timer_MSP432E411Y.obj (.text:TimerIntClear)
                  000027a0    000000b8     sysbios.aem4f : BIOS.obj (.text:ti_sysbios_knl_Task_exit__E)
                  00002858    000000b0                   : BIOS.obj (.text:ti_sysbios_family_arm_lm4_Timer_enableTiva__I)
                  00002908    000000ac     drivers_msp432e4.aem4f : GPIOMSP432E4.oem4f (.text:GPIO_init)
                  000029b4    00000004     release_pem4f.oem4f (.text:ti_sysbios_BIOS_RtsGateProxy_enter__E)
                  000029b8    000000a4     sysbios.aem4f : BIOS.obj (.text:ti_sysbios_knl_Task_setPri__E)
                  00002a5c    000000a0     auto_init.aem4f : auto_init.oem4f (.text)
                  00002afc    00000004     release_pem4f.oem4f (.text:ti_sysbios_BIOS_RtsGateProxy_leave__E)
                  00002b00    000000a0     empty.obj (.text:findNearestStateIndex)
                  00002ba0    0000009c     sysbios.aem4f : BIOS.obj (.text:_pthread_removeThreadKeys)
                  00002c3c    0000009c     rtsv7M4_T_le_v4SPD16_eabi.lib : memcpy_t2.asm.obj (.text)
                  00002cd8    00000098     sysbios.aem4f : BIOS.obj (.text:ti_sysbios_family_arm_m3_Hwi_Instance_init__E)
                  00002d70    00000094                   : BIOS.obj (.text:ti_sysbios_family_arm_m3_Hwi_initNVIC__E)
                  00002e04    00000004                   : BIOS.obj (.text:ti_sysbios_family_arm_lm4_Timer_masterEnable__I)
                  00002e08    00000090                   : BIOS.obj (.text:ti_sysbios_knl_Task_Module_startup__E)
                  00002e98    00000090                   : BIOS.obj (.text:ti_sysbios_knl_Task_schedule__I)
                  00002f28    00000090                   : BIOS.obj (.text:ti_sysbios_knl_Task_startCore__E)
                  00002fb8    0000008c                   : m3_TaskSupport_asm.obj (.text:ti_sysbios_family_arm_m3_TaskSupport_buildTaskStack)
                  00003044    00000004     release_pem4f.oem4f (.text:ti_sysbios_family_arm_m3_Hwi_delete)
                  00003048    0000008c     sysbios.aem4f : BIOS.obj (.text:xdc_runtime_Memory_alloc__E)
                  000030d4    00000086     rtsv7M4_T_le_v4SPD16_eabi.lib : fd_cmp_t2.asm.obj (.text:__aeabi_cdcmple)
                  0000315a    00000086                                   : fd_cmp_t2.asm.obj (.text:__aeabi_cdrcmple)
                  000031e0    00000086     sysbios.aem4f : BIOS.obj (.text:xdc_runtime_Core_constructObject__I)
                  00003266    00000002     rtsv7M4_T_le_v4SPD16_eabi.lib : _lock.c.obj (.text:_nop)
                  00003268    00000084     sysbios.aem4f : BIOS.obj (.text:ti_sysbios_family_arm_m3_Hwi_postInit__I)
                  000032ec    00000004     release_pem4f.oem4f (.text:ti_sysbios_family_arm_m3_TaskSupport_Module__startupDone__S)
                  000032f0    00000084     sysbios.aem4f : BIOS.obj (.text:ti_sysbios_heaps_HeapMem_free__E)
                  00003374    00000004     release_pem4f.oem4f (.text:ti_sysbios_heaps_HeapMem_Module_GateProxy_enter__E)
                  00003378    00000082     main_tirtos.obj (.text:main)
                  000033fa    0000007a     rtsv7M4_T_le_v4SPD16_eabi.lib : memset_t2.asm.obj (.text)
                  00003474    00000004     release_pem4f.oem4f (.text:ti_sysbios_heaps_HeapMem_Module_GateProxy_leave__E)
                  00003478    00000074     sysbios.aem4f : BIOS.obj (.text:xdc_runtime_Core_deleteObject__I)
                  000034ec    00000072     drivers_msp432e4.aem4f : TimerMSP432E4.oem4f (.text:TimerMSP432E4_start)
                  0000355e    00000002     release_pem4f.oem4f (.text:ti_sysbios_BIOS_nullFunc__I)
                  00003560    00000070     sysbios.aem4f : BIOS.obj (.text:_pthread_runStub)
                  000035d0    00000070                   : BIOS.obj (.text:ti_sysbios_heaps_HeapMem_initPrimary__I)
                  00003640    00000070                   : BIOS.obj (.text:ti_sysbios_knl_Clock_workFunc__E)
                  000036b0    0000006c     drivers_msp432e4.aem4f : PowerMSP432E4.oem4f (.text:Power_releaseDependency)
                  0000371c    00000004     release_pem4f.oem4f (.text:ti_sysbios_knl_Clock_TimerProxy_getMaxTicks__E)
                  00003720    0000006c     sysbios.aem4f : BIOS.obj (.text:ti_sysbios_knl_Swi_restoreHwi__E)
                  0000378c    00000068     drivers_msp432e4.aem4f : GPIOMSP432E4.oem4f (.text:GPIO_hwiIntFxn)
                  000037f4    00000068                            : PowerMSP432E4.oem4f (.text:Power_setDependency)
                  0000385c    00000068     rtsv7M4_T_le_v4SPD16_eabi.lib : copy_decompress_lzss.c.obj (.text:decompress:lzss:__TI_decompress_lzss)
                  000038c4    00000064     drivers_msp432e4.aem4f : PowerMSP432E4.oem4f (.text:Power_init)
                  00003928    00000064                            : TimerMSP432E4.oem4f (.text:TimerMSP432E4_allocateTimerResource)
                  0000398c    00000004     release_pem4f.oem4f (.text:ti_sysbios_knl_Semaphore_delete)
                  00003990    00000064     sysbios.aem4f : BIOS.obj (.text:ti_sysbios_family_arm_lm4_Timer_Module_startup__E)
                  000039f4    00000004     release_pem4f.oem4f (.text:ti_sysbios_knl_Task_delete)
                  000039f8    00000064     sysbios.aem4f : BIOS.obj (.text:ti_sysbios_family_arm_m3_Hwi_dispatchC__I)
                  00003a5c    00000004     release_pem4f.oem4f (.text:xdc_runtime_System_Module_GateProxy_enter__E)
                  00003a60    00000060     sysbios.aem4f : BIOS.obj (.text:ti_sysbios_knl_Semaphore_post__E)
                  00003ac0    00000060                   : BIOS.obj (.text:ti_sysbios_knl_Swi_run__I)
                  00003b20    0000005c     drivers_msp432e4.aem4f : TimerMSP432E4.oem4f (.text:getPowerMgrId)
                  00003b7c    00000004     release_pem4f.oem4f (.text:xdc_runtime_System_Module_GateProxy_leave__E)
                  00003b80    0000005c     sysbios.aem4f : BIOS.obj (.text:ti_sysbios_knl_Swi_schedule__I)
                  00003bdc    00000004     --HOLE-- [fill = 0]
                  00003be0    0000005c                   : BIOS.obj (.text:ti_sysbios_knl_Task_unblockI__E)
                  00003c3c    00000004     --HOLE-- [fill = 0]
                  00003c40    0000005c                   : BIOS.obj (.text:xdc_runtime_Startup_exec__E)
                  00003c9c    00000058     msp432e4_driverlib.a : gpio_MSP432E411Y.obj (.text:GPIOIntTypeSet)
                  00003cf4    00000058     boot.aem4f : boot.oem4f (.text)
                  00003d4c    00000058     sysbios.aem4f : m3_Hwi_asm_switch.obj (.text:ti_sysbios_family_arm_m3_Hwi_initStacks__E)
                  00003da4    00000004     --HOLE-- [fill = 0]
                  00003da8    00000054                   : BIOS.obj (.text:ti_sysbios_family_arm_lm4_Timer_initDevice__I)
                  00003dfc    00000054     release_pem4f.oem4f (.text:ti_sysbios_family_arm_m3_Hwi_create)
                  00003e50    00000054     sysbios.aem4f : BIOS.obj (.text:xdc_runtime_Core_assignLabel__I)
                  00003ea4    00000050     drivers_msp432e4.aem4f : GPIOMSP432E4.oem4f (.text:GPIO_setCallback)
                  00003ef4    00000004     --HOLE-- [fill = 0]
                  00003ef8    00000050     sysbios.aem4f : BIOS.obj (.text:ti_sysbios_family_arm_m3_Hwi_Module_startup__E)
                  00003f48    00000050     release_pem4f.oem4f (.text:ti_sysbios_knl_Task_create)
                  00003f98    00000050     empty.obj (.text:timerCallback)
                  00003fe8    0000004e     drivers_msp432e4.aem4f : TimerMSP432E4.oem4f (.text:initHw)
                  00004036    00000002     --HOLE-- [fill = 0]
                  00004038    0000004c     rtsv7M4_T_le_v4SPD16_eabi.lib : cpy_tbl.c.obj (.text:copy_in)
                  00004084    00000004     --HOLE-- [fill = 0]
                  00004088    0000004c     sysbios.aem4f : BIOS.obj (.text:ti_sysbios_heaps_HeapMem_getStats__E)
                  000040d4    00000004     --HOLE-- [fill = 0]
                  000040d8    0000004c                   : BIOS.obj (.text:ti_sysbios_knl_Swi_runLoop__I)
                  00004124    00000004     --HOLE-- [fill = 0]
                  00004128    0000004c                   : BIOS.obj (.text:ti_sysbios_knl_Task_allBlockedFunction__I)
                  00004174    0000004a     drivers_msp432e4.aem4f : TimerMSP432E4.oem4f (.text:TimerMSP432E4_stop)
                  000041be    00000002     --HOLE-- [fill = 0]
                  000041c0    00000048                            : TimerMSP432E4.oem4f (.text:TimerMSP432E4_freeTimerResource)
                  00004208    00000048     rtsv7M4_T_le_v4SPD16_eabi.lib : fd_toi_t2.asm.obj (.text)
                  00004250    00000048     sysbios.aem4f : BIOS.obj (.text:ti_sysbios_family_arm_lm4_Timer_enableTimers__I)
                  00004298    00000048                   : BIOS.obj (.text:ti_sysbios_family_arm_m3_Hwi_disableInterrupt__E)
                  000042e0    00000048                   : BIOS.obj (.text:ti_sysbios_family_arm_m3_Hwi_enableInterrupt__E)
                  00004328    00000048                   : BIOS.obj (.text:ti_sysbios_knl_Mailbox_Module_startup__E)
                  00004370    00000048                   : BIOS.obj (.text:ti_sysbios_knl_Task_deleteTerminatedTasksFunc__I)
                  000043b8    00000048                   : BIOS.obj (.text:xdc_runtime_Core_assignParams__I)
                  00004400    00000046     drivers_msp432e4.aem4f : TimerMSP432E4.oem4f (.text:getPrescaler)
                  00004446    00000002     --HOLE-- [fill = 0]
                  00004448    00000044                            : Timer.oem4f (.text:Timer_init)
                  0000448c    00000004     --HOLE-- [fill = 0]
                  00004490    00000044     sysbios.aem4f : BIOS.obj (.text:ti_sysbios_family_arm_lm4_Timer_isrStub__E)
                  000044d4    00000004     --HOLE-- [fill = 0]
                  000044d8    00000044                   : BIOS.obj (.text:ti_sysbios_family_arm_m3_Hwi_getStackInfo__E)
                  0000451c    00000004     --HOLE-- [fill = 0]
                  00004520    00000044                   : BIOS.obj (.text:ti_sysbios_knl_Mailbox_postInit__I)
                  00004564    00000004     --HOLE-- [fill = 0]
                  00004568    00000044                   : BIOS.obj (.text:ti_sysbios_knl_Swi_post__E)
                  000045ac    00000004     --HOLE-- [fill = 0]
                  000045b0    00000044                   : BIOS.obj (.text:xdc_runtime_System_atexit__E)
                  000045f4    00000040     dpl_msp432e4.aem4f : HwiP_tirtos.oem4f (.text:HwiP_create)
                  00004634    00000004     --HOLE-- [fill = 0]
                  00004638    00000040     sysbios.aem4f : BIOS.obj (.text:ti_sysbios_family_arm_lm4_Timer_startup__E)
                  00004678    00000040                   : BIOS.obj (.text:ti_sysbios_heaps_HeapMem_Instance_init__E)
                  000046b8    0000003c     dpl_msp432e4.aem4f : SemaphoreP_tirtos.oem4f (.text:SemaphoreP_create)
                  000046f4    0000003c     msp432e4_driverlib.a : sysctl_MSP432E411Y.obj (.text:SysCtlPeripheralPresent)
                  00004730    0000003c                          : sysctl_MSP432E411Y.obj (.text:SysCtlPeripheralReady)
                  0000476c    0000003c     drivers_msp432e4.aem4f : Timer.oem4f (.text:Timer_open)
                  000047a8    0000003c     sysbios.aem4f : BIOS.obj (.text:ti_sysbios_family_arm_m3_Hwi_Instance_finalize__E)
                  000047e4    00000004     --HOLE-- [fill = 0]
                  000047e8    0000003c                   : BIOS.obj (.text:ti_sysbios_knl_Swi_restore__E)
                  00004824    00000004     --HOLE-- [fill = 0]
                  00004828    0000003c                   : BIOS.obj (.text:xdc_runtime_System_processAtExit__E)
                  00004864    00000004     --HOLE-- [fill = 0]
                  00004868    00000038                   : BIOS.obj (.text:ti_sysbios_knl_Task_processVitalTaskFlag__I)
                  000048a0    00000036     drivers_msp432e4.aem4f : TimerMSP432E4.oem4f (.text:TimerMSP432E4_hwiIntFunction)
                  000048d6    00000002     --HOLE-- [fill = 0]
                  000048d8    00000034     msp432e4_driverlib.a : sysctl_MSP432E411Y.obj (.text:SysCtlPeripheralDisable)
                  0000490c    00000034                          : sysctl_MSP432E411Y.obj (.text:SysCtlPeripheralEnable)
                  00004940    00000034                          : sysctl_MSP432E411Y.obj (.text:SysCtlPeripheralPowerOff)
                  00004974    00000034                          : sysctl_MSP432E411Y.obj (.text:SysCtlPeripheralPowerOn)
                  000049a8    00000034                          : sysctl_MSP432E411Y.obj (.text:SysCtlPeripheralSleepDisable)
                  000049dc    00000034                          : sysctl_MSP432E411Y.obj (.text:SysCtlPeripheralSleepEnable)
                  00004a10    00000034     drivers_msp432e4.aem4f : TimerMSP432E4.oem4f (.text:TimerMSP432E4_close)
                  00004a44    00000004     --HOLE-- [fill = 0]
                  00004a48    00000034     sysbios.aem4f : BIOS.obj (.text:_pthread_delete$43)
                  00004a7c    00000034     release_pem4f.oem4f (.text:ti_sysbios_knl_Semaphore_create)
                  00004ab0    00000032     MSP_EXP432E401Y.obj (.text:MSP_EXP432E401Y_initGeneral)
                  00004ae2    00000006     drivers_msp432e4.aem4f : TimerMSP432E4.oem4f (.text:TimerMSP432E4_control)
                  00004ae8    00000032     sysbios.aem4f : BIOS.obj (.text:ti_sysbios_hal_Hwi_initStack)
                  00004b1a    00000006     --HOLE-- [fill = 0]
                  00004b20    00000032                   : BIOS.obj (.text:ti_sysbios_knl_Semaphore_pendTimeout__I)
                  00004b52    00000002     --HOLE-- [fill = 0]
                  00004b54    00000030     release_pem4f.oem4f (.text:ti_sysbios_BIOS_atExitFunc__I)
                  00004b84    00000030     release_pem4f.oem4f (.text:ti_sysbios_BIOS_startFunc__I)
                  00004bb4    00000004     --HOLE-- [fill = 0]
                  00004bb8    00000030     sysbios.aem4f : BIOS.obj (.text:ti_sysbios_family_arm_lm4_Timer_stop__E)
                  00004be8    00000030                   : BIOS.obj (.text:ti_sysbios_family_arm_m3_TaskSupport_start__E)
                  00004c18    00000030     release_pem4f.oem4f (.text:ti_sysbios_gates_GateHwi_Object__create__S)
                  00004c48    00000030     release_pem4f.oem4f (.text:ti_sysbios_gates_GateMutex_Object__create__S)
                  00004c78    00000030     sysbios.aem4f : BIOS.obj (.text:ti_sysbios_gates_GateMutex_enter__E)
                  00004ca8    00000030     release_pem4f.oem4f (.text:ti_sysbios_heaps_HeapMem_Object__create__S)
                  00004cd8    00000030     release_pem4f.oem4f (.text:ti_sysbios_knl_Semaphore_construct)
                  00004d08    0000002e     rtsv7M4_T_le_v4SPD16_eabi.lib : i_tofd_t2.asm.obj (.text)
                  00004d36    0000002c     msp432e4_driverlib.a : gpio_MSP432E411Y.obj (.text:GPIODirModeSet)
                  00004d62    00000002     --HOLE-- [fill = 0]
                  00004d64    0000002c     dpl_msp432e4.aem4f : SemaphoreP_tirtos.oem4f (.text:SemaphoreP_createBinary)
                  00004d90    0000002c     sysbios.aem4f : BIOS.obj (.text:_pthread_cleanupFxn)
                  00004dbc    0000002c     rtsv7M4_T_le_v4SPD16_eabi.lib : ull_tofd_t2.asm.obj (.text)
                  00004de8    0000002c     release_pem4f.oem4f (.text:ti_sysbios_knl_Clock_doTick__I)
                  00004e14    0000002c     release_pem4f.oem4f (.text:ti_sysbios_knl_Queue_construct)
                  00004e40    0000002c     sysbios.aem4f : BIOS.obj (.text:ti_sysbios_knl_Task_restore__E)
                  00004e6c    00000004     --HOLE-- [fill = 0]
                  00004e70    00000028                   : BIOS.obj (.text:ti_sysbios_knl_Clock_addI__E)
                  00004e98    00000028                   : BIOS.obj (.text:ti_sysbios_knl_Swi_Module_startup__E)
                  00004ec0    00000026                   : m3_Hwi_asm.obj (.text:ti_sysbios_family_arm_m3_Hwi_pendSV__I)
                  00004ee6    00000002     --HOLE-- [fill = 0]
                  00004ee8    00000024                   : BIOS.obj (.text:pthread_attr_init)
                  00004f0c    00000024     release_pem4f.oem4f (.text:ti_sysbios_BIOS_registerRTSLock__I)
                  00004f30    00000024     release_pem4f.oem4f (.text:ti_sysbios_BIOS_removeRTSLock__I)
                  00004f54    00000024     release_pem4f.oem4f (.text:ti_sysbios_gates_GateMutex_Object__delete__S)
                  00004f78    00000024     sysbios.aem4f : BIOS.obj (.text:ti_sysbios_knl_Clock_Module_startup__E)
                  00004f9c    00000004     --HOLE-- [fill = 0]
                  00004fa0    00000024                   : BIOS.obj (.text:ti_sysbios_knl_Semaphore_Instance_init__E)
                  00004fc4    00000024     release_pem4f.oem4f (.text:ti_sysbios_knl_Semaphore_Object__delete__S)
                  00004fe8    00000024     sysbios.aem4f : BIOS.obj (.text:ti_sysbios_knl_Task_restoreHwi__E)
                  0000500c    00000004     --HOLE-- [fill = 0]
                  00005010    00000024                   : BIOS.obj (.text:xdc_runtime_Error_policyMin__E)
                  00005034    00000004     --HOLE-- [fill = 0]
                  00005038    00000022                   : BIOS.obj (.text:ti_sysbios_family_arm_lm4_Timer_write__I)
                  0000505a    00000002     --HOLE-- [fill = 0]
                  0000505c    00000020     msp432e4_driverlib.a : sysctl_MSP432E411Y.obj (.text:SysCtlPeripheralClockGating)
                  0000507c    00000020     drivers_msp432e4.aem4f : GPIOMSP432E4.oem4f (.text:getGpioIntIndex)
                  0000509c    00000020     rtsv7M4_T_le_v4SPD16_eabi.lib : u_tofd_t2.asm.obj (.text)
                  000050bc    00000020     release_pem4f.oem4f (.text:ti_sysbios_BIOS_rtsLock__I)
                  000050dc    00000020     release_pem4f.oem4f (.text:ti_sysbios_family_arm_m3_Hwi_Object__delete__S)
                  000050fc    00000004     --HOLE-- [fill = 0]
                  00005100    00000020     sysbios.aem4f : BIOS.obj (.text:ti_sysbios_family_arm_m3_Hwi_clearInterrupt__E)
                  00005120    00000020                   : m3_Hwi_asm.obj (.text:ti_sysbios_family_arm_m3_Hwi_excHandlerAsm__I)
                  00005140    00000020                   : BIOS.obj (.text:ti_sysbios_family_arm_m3_Hwi_excHandler__I)
                  00005160    00000020     release_pem4f.oem4f (.text:ti_sysbios_gates_GateHwi_Object__delete__S)
                  00005180    00000020     release_pem4f.oem4f (.text:ti_sysbios_heaps_HeapMem_Object__delete__S)
                  000051a0    00000020     sysbios.aem4f : BIOS.obj (.text:ti_sysbios_knl_Idle_run__E)
                  000051c0    00000020     release_pem4f.oem4f (.text:ti_sysbios_knl_Semaphore_destruct)
                  000051e0    00000020     release_pem4f.oem4f (.text:ti_sysbios_knl_Task_Object__delete__S)
                  00005200    0000001e     sysbios.aem4f : m3_Hwi_asm_switch.obj (.text:ti_sysbios_family_xxx_Hwi_switchAndRunFunc)
                  0000521e    00000002     --HOLE-- [fill = 0]
                  00005220    0000001c                   : BIOS.obj (.text:ti_sysbios_gates_GateMutex_Instance_init__E)
                  0000523c    0000001c     release_pem4f.oem4f (.text:ti_sysbios_knl_Queue_destruct)
                  00005258    0000001c     sysbios.aem4f : BIOS.obj (.text:ti_sysbios_knl_Queue_put__E)
                  00005274    00000004     --HOLE-- [fill = 0]
                  00005278    0000001c                   : BIOS.obj (.text:ti_sysbios_knl_Task_enter__I)
                  00005294    00000018     msp432e4_driverlib.a : gpio_MSP432E411Y.obj (.text:GPIOPinTypeGPIOOutput)
                  000052ac    00000018                          : gpio_MSP432E411Y.obj (.text:GPIOPinTypeGPIOOutputOD)
                  000052c4    00000018     drivers_msp432e4.aem4f : PowerMSP432E4.oem4f (.text:Power_idleFunc)
                  000052dc    00000018     msp432e4_driverlib.a : timer_MSP432E411Y.obj (.text:TimerControlStall)
                  000052f4    00000018                          : timer_MSP432E411Y.obj (.text:TimerDisable)
                  0000530c    00000018     drivers_msp432e4.aem4f : TimerMSP432E4.oem4f (.text:TimerMSP432E4_getCount)
                  00005324    00000018     rtsv7M4_T_le_v4SPD16_eabi.lib : args_main.c.obj (.text:_args_main)
                  0000533c    00000018     release_pem4f.oem4f (.text:ti_sysbios_BIOS_rtsUnlock__I)
                  00005354    00000018     release_pem4f.oem4f (.text:ti_sysbios_family_arm_lm4_Timer_Module__startupDone__F)
                  0000536c    00000018     release_pem4f.oem4f (.text:ti_sysbios_family_arm_m3_Hwi_Module__startupDone__F)
                  00005384    00000018     sysbios.aem4f : m3_TaskSupport_asm.obj (.text:ti_sysbios_family_arm_m3_TaskSupport_swap__E)
                  0000539c    00000018     release_pem4f.oem4f (.text:ti_sysbios_gates_GateHwi_Handle__label__S)
                  000053b4    00000018     release_pem4f.oem4f (.text:ti_sysbios_gates_GateMutex_Handle__label__S)
                  000053cc    00000004     --HOLE-- [fill = 0]
                  000053d0    00000018     sysbios.aem4f : BIOS.obj (.text:ti_sysbios_gates_GateMutex_leave__E)
                  000053e8    00000018     release_pem4f.oem4f (.text:ti_sysbios_heaps_HeapMem_Handle__label__S)
                  00005400    00000018     sysbios.aem4f : BIOS.obj (.text:ti_sysbios_rts_ti_ReentSupport_getReent__F)
                  00005418    00000018     release_pem4f.oem4f (.text:ti_sysbios_rts_ti_ReentSupport_getTlsAddr__I)
                  00005430    00000018     sysbios.aem4f : BIOS.obj (.text:xdc_runtime_Error_init__E)
                  00005448    00000018                   : BIOS.obj (.text:xdc_runtime_System_exit__E)
                  00005460    00000016     release_pem4f.oem4f (.text:ti_sysbios_BIOS_exitFunc__I)
                  00005476    00000014     rtsv7M4_T_le_v4SPD16_eabi.lib : s_copysign.c.obj (.text:copysign)
                  0000548a    00000006     --HOLE-- [fill = 0]
                  00005490    00000014     sysbios.aem4f : BIOS.obj (.text:pthread_attr_setschedparam)
                  000054a4    00000014     release_pem4f.oem4f (.text:ti_sysbios_family_arm_m3_Hwi_Object__get__S)
                  000054b8    00000014     sysbios.aem4f : BIOS.obj (.text:ti_sysbios_family_arm_m3_Hwi_switchFromBootStack__E)
                  000054cc    00000014     release_pem4f.oem4f (.text:ti_sysbios_heaps_HeapMem_Object__get__S)
                  000054e0    00000014     release_pem4f.oem4f (.text:ti_sysbios_knl_Swi_Object__get__S)
                  000054f4    00000014     release_pem4f.oem4f (.text:ti_sysbios_knl_Task_Object__first__S)
                  00005508    00000014     release_pem4f.oem4f (.text:ti_sysbios_knl_Task_Object__next__S)
                  0000551c    00000012     dpl_msp432e4.aem4f : SemaphoreP_tirtos.oem4f (.text:SemaphoreP_pend)
                  0000552e    00000012     msp432e4_driverlib.a : timer_MSP432E411Y.obj (.text:TimerLoadSet)
                  00005540    00000012                          : timer_MSP432E411Y.obj (.text:TimerPrescaleSet)
                  00005552    00000006     --HOLE-- [fill = 0]
                  00005558    00000012     sysbios.aem4f : BIOS.obj (.text:ti_sysbios_hal_Hwi_Module_startup__E)
                  0000556a    00000012     release_pem4f.oem4f (.text:xdc_runtime_Startup_exec__I)
                  0000557c    00000010     release_pem4f.oem4f (.text:.bootCodeSection:ti_sysbios_family_arm_msp432e4_init_Boot_init__I)
                  0000558c    00000010     dpl_msp432e4.aem4f : HwiP_tirtos.oem4f (.text:HwiP_Params_init)
                  0000559c    00000010                        : PowerMSP432E4_tirtos.oem4f (.text:PowerMSP432E4_sleepPolicy)
                  000055ac    00000010     drivers_msp432e4.aem4f : Timer.oem4f (.text:Timer_Params_init)
                  000055bc    00000004     --HOLE-- [fill = 0]
                  000055c0    00000010     sysbios.aem4f : BIOS.obj (.text:ti_sysbios_BIOS_getCpuFreq__E)
                  000055d0    00000010                   : BIOS.obj (.text:ti_sysbios_BIOS_setThreadType__E)
                  000055e0    00000010                   : BIOS.obj (.text:ti_sysbios_BIOS_start__E)
                  000055f0    00000010                   : m3_TaskSupport_asm.obj (.text:ti_sysbios_family_arm_m3_TaskSupport_glue)
                  00005600    00000010                   : BIOS.obj (.text:ti_sysbios_gates_GateMutex_Instance_finalize__E)
                  00005610    00000010     release_pem4f.oem4f (.text:ti_sysbios_knl_Mailbox_Object__get__S)
                  00005620    00000010     sysbios.aem4f : BIOS.obj (.text:ti_sysbios_knl_Semaphore_Instance_finalize__E)
                  00005630    00000010                   : BIOS.obj (.text:ti_sysbios_knl_Swi_disable__E)
                  00005640    00000010     release_pem4f.oem4f (.text:ti_sysbios_knl_Task_Object__get__S)
                  00005650    00000010     sysbios.aem4f : BIOS.obj (.text:ti_sysbios_knl_Task_disable__E)
                  00005660    00000010                   : BIOS.obj (.text:xdc_runtime_Memory_free__E)
                  00005670    00000010                   : BIOS.obj (.text:xdc_runtime_SysCallback_abort__E)
                  00005680    00000010                   : BIOS.obj (.text:xdc_runtime_SysCallback_exit__E)
                  00005690    0000000e     msp432e4_driverlib.a : gpio_MSP432E411Y.obj (.text:GPIOIntStatus)
                  0000569e    0000000e                          : timer_MSP432E411Y.obj (.text:TimerEnable)
                  000056ac    0000000e     rtsv7M4_T_le_v4SPD16_eabi.lib : copy_decompress_none.c.obj (.text:decompress:none:__TI_decompress_none)
                  000056ba    00000006     --HOLE-- [fill = 0]
                  000056c0    0000000e     sysbios.aem4f : BIOS.obj (.text:pthread_attr_setdetachstate)
                  000056ce    00000002     --HOLE-- [fill = 0]
                  000056d0    0000000e                   : BIOS.obj (.text:ti_sysbios_knl_Idle_loop__E)
                  000056de    00000002     --HOLE-- [fill = 0]
                  000056e0    0000000e                   : BIOS.obj (.text:ti_sysbios_knl_Queue_empty__E)
                  000056ee    0000000c     dpl_msp432e4.aem4f : HwiP_tirtos.oem4f (.text:HwiP_delete)
                  000056fa    0000000c                        : SemaphoreP_tirtos.oem4f (.text:SemaphoreP_delete)
                  00005706    00000002     --HOLE-- [fill = 0]
                  00005708    0000000c     rtsv7M4_T_le_v4SPD16_eabi.lib : _lock.c.obj (.text:_register_lock)
                  00005714    0000000c                                   : _lock.c.obj (.text:_register_unlock)
                  00005720    0000000c                                   : copy_zero_init.c.obj (.text:decompress:ZI:__TI_zero_init)
                  0000572c    00000004     --HOLE-- [fill = 0]
                  00005730    0000000c     sysbios.aem4f : BIOS.obj (.text:ti_sysbios_family_arm_lm4_Timer_getMaxTicks__E)
                  0000573c    0000000c     release_pem4f.oem4f (.text:ti_sysbios_family_arm_m3_Hwi_Params__init__S)
                  00005748    0000000c     sysbios.aem4f : BIOS.obj (.text:ti_sysbios_family_arm_m3_Hwi_disableFxn__E)
                  00005754    00000004     --HOLE-- [fill = 0]
                  00005758    0000000c                   : BIOS.obj (.text:ti_sysbios_family_arm_m3_TaskSupport_getStackAlignment__E)
                  00005764    00000004     --HOLE-- [fill = 0]
                  00005768    0000000c                   : BIOS.obj (.text:ti_sysbios_gates_GateHwi_enter__E)
                  00005774    0000000c     release_pem4f.oem4f (.text:ti_sysbios_knl_Queue_Object__get__S)
                  00005780    0000000c     release_pem4f.oem4f (.text:ti_sysbios_knl_Semaphore_Params__init__S)
                  0000578c    0000000c     release_pem4f.oem4f (.text:ti_sysbios_knl_Task_Params__init__S)
                  00005798    0000000c     sysbios.aem4f : BIOS.obj (.text:ti_sysbios_knl_Task_self__E)
                  000057a4    00000004     --HOLE-- [fill = 0]
                  000057a8    0000000c                   : BIOS.obj (.text:ti_sysbios_rts_ti_ReentSupport_taskRegHook__I)
                  000057b4    00000004     --HOLE-- [fill = 0]
                  000057b8    0000000c                   : BIOS.obj (.text:xdc_runtime_Startup_rtsDone__E)
                  000057c4    00000004     --HOLE-- [fill = 0]
                  000057c8    0000000a     main_tirtos.obj (.text:NDK_hookInit)
                  000057d2    0000000a     msp432e4_driverlib.a : timer_MSP432E411Y.obj (.text:TimerIntDisable)
                  000057dc    0000000a     drivers_msp432e4.aem4f : Timer.oem4f (.text:Timer_start)
                  000057e6    0000000a     release_pem4f.oem4f (.text:xdc_runtime_IHeap_alloc)
                  000057f0    0000000a     release_pem4f.oem4f (.text:xdc_runtime_IHeap_free)
                  000057fa    00000008     dpl_msp432e4.aem4f : SemaphoreP_tirtos.oem4f (.text:SemaphoreP_Params_init)
                  00005802    00000008     msp432e4_driverlib.a : timer_MSP432E411Y.obj (.text:TimerIntEnable)
                  0000580a    00000006     --HOLE-- [fill = 0]
                  00005810    00000008     sysbios.aem4f : BIOS.obj (.text:pthread_attr_setstacksize)
                  00005818    00000008                   : BIOS.obj (.text:ti_sysbios_family_arm_lm4_Timer_masterDisable__I)
                  00005820    00000008                   : BIOS.obj (.text:ti_sysbios_family_arm_m3_Hwi_doSwiRestore__I)
                  00005828    00000008                   : BIOS.obj (.text:ti_sysbios_family_arm_m3_Hwi_startup__E)
                  00005830    00000006                   : BIOS.obj (.text:ti_sysbios_family_arm_m3_Hwi_doTaskRestore__I)
                  00005836    00000002     --HOLE-- [fill = 0]
                  00005838    00000006                   : BIOS.obj (.text:ti_sysbios_family_arm_m3_Hwi_restoreFxn__E)
                  0000583e    00000002     --HOLE-- [fill = 0]
                  00005840    00000006                   : BIOS.obj (.text:ti_sysbios_gates_GateHwi_leave__E)
                  00005846    00000002     --HOLE-- [fill = 0]
                  00005848    00000006                   : BIOS.obj (.text:ti_sysbios_heaps_HeapMem_isBlocking__E)
                  0000584e    00000002     --HOLE-- [fill = 0]
                  00005850    00000006                   : BIOS.obj (.text:ti_sysbios_knl_Queue_Instance_init__E)
                  00005856    00000002     --HOLE-- [fill = 0]
                  00005858    00000006                   : BIOS.obj (.text:ti_sysbios_knl_Swi_startup__E)
                  0000585e    00000002     --HOLE-- [fill = 0]
                  00005860    00000006                   : BIOS.obj (.text:xdc_runtime_System_Module_startup__E)
                  00005866    00000002     --HOLE-- [fill = 0]
                  00005868    00000004                   : BIOS.obj (.text:__aeabi_errno_addr)
                  0000586c    00000004     --HOLE-- [fill = 0]
                  00005870    00000004                   : BIOS.obj (.text:ti_sysbios_gates_GateHwi_query__E)
                  00005874    00000004     --HOLE-- [fill = 0]
                  00005878    00000004                   : BIOS.obj (.text:ti_sysbios_gates_GateMutex_query__E)
                  0000587c    00000004     --HOLE-- [fill = 0]
                  00005880    00000004                   : BIOS.obj (.text:ti_sysbios_knl_Task_startup__E)
                  00005884    00000004     --HOLE-- [fill = 0]
                  00005888    00000002                   : BIOS.obj (.text:ti_sysbios_BIOS_linkedWithIncorrectBootLibrary__E)
                  0000588a    00000006     --HOLE-- [fill = 0]
                  00005890    00000002                   : BIOS.obj (.text:ti_sysbios_gates_GateHwi_Instance_init__E)
                  00005892    00000006     --HOLE-- [fill = 0]
                  00005898    00000002                   : BIOS.obj (.text:ti_sysbios_knl_Clock_logTick__E)
                  0000589a    00000006     --HOLE-- [fill = 0]
                  000058a0    00000002                   : BIOS.obj (.text:xdc_runtime_SysCallback_defaultAbort)
                  000058a2    00000006     --HOLE-- [fill = 0]
                  000058a8    00000002                   : BIOS.obj (.text:xdc_runtime_SysCallback_defaultExit)
                  000058aa    00000006     --HOLE-- [fill = 0]
                  000058b0    00000002                   : BIOS.obj (.text:xdc_runtime_System_abortSpin__E)
                  000058b2    00000006     --HOLE-- [fill = 0]
                  000058b8    00000002                   : BIOS.obj (.text:xdc_runtime_System_exitSpin__E)

.const     0    000058c0    00000890     
                  000058c0    000001c4     sysbios.aem4f : BIOS.obj (.const:$O2$$)
                  00005a84    00000004     drivers_msp432e4.aem4f : GPIOMSP432E4.oem4f (.const:.string:gpioCfgOutputTypes)
                  00005a88    00000158     rtsv7M4_T_le_v4SPD16_eabi.lib : k_rem_pio2.c.obj (.const:$O1$$)
                  00005be0    00000048     release_pem4f.oem4f (.const:.string)
                  00005c28    00000048     drivers_msp432e4.aem4f : GPIOMSP432E4.oem4f (.const:gpioBaseAddresses)
                  00005c70    00000048                            : GPIOMSP432E4.oem4f (.const:powerMgrIds)
                  00005cb8    0000003c     release_pem4f.oem4f (.const:ti_sysbios_knl_Task_Object__PARAMS__C)
                  00005cf4    00000030     release_pem4f.oem4f (.const:ti_sysbios_family_arm_m3_Hwi_Object__PARAMS__C)
                  00005d24    00000030     release_pem4f.oem4f (.const:ti_sysbios_knl_Task_hooks__A)
                  00005d54    00000030     MSP_EXP432E401Y.obj (.const:timerMSP432E4HWAttrs)
                  00005d84    00000028     release_pem4f.oem4f (.const:ti_sysbios_heaps_HeapMem_Module__FXNS__C)
                  00005dac    00000024     MSP_EXP432E401Y.obj (.const:Timer_config)
                  00005dd0    00000024     release_pem4f.oem4f (.const:ti_sysbios_gates_GateHwi_Module__FXNS__C)
                  00005df4    00000024     release_pem4f.oem4f (.const:ti_sysbios_gates_GateMutex_Module__FXNS__C)
                  00005e18    00000024     release_pem4f.oem4f (.const:ti_sysbios_heaps_HeapMem_Object__PARAMS__C)
                  00005e3c    00000024     release_pem4f.oem4f (.const:ti_sysbios_knl_Semaphore_Object__PARAMS__C)
                  00005e60    00000020     drivers_msp432e4.aem4f : GPIOMSP432E4.oem4f (.const:.string:gpioInterruptVectors)
                  00005e80    00000020     release_pem4f.oem4f (.const:ti_sysbios_family_arm_m3_Hwi_Object__DESC__C)
                  00005ea0    00000020     release_pem4f.oem4f (.const:ti_sysbios_gates_GateHwi_Object__DESC__C)
                  00005ec0    00000020     release_pem4f.oem4f (.const:ti_sysbios_gates_GateMutex_Object__DESC__C)
                  00005ee0    00000020     release_pem4f.oem4f (.const:ti_sysbios_heaps_HeapMem_Object__DESC__C)
                  00005f00    00000020     release_pem4f.oem4f (.const:ti_sysbios_knl_Queue_Object__DESC__C)
                  00005f20    00000020     release_pem4f.oem4f (.const:ti_sysbios_knl_Semaphore_Object__DESC__C)
                  00005f40    00000020     release_pem4f.oem4f (.const:ti_sysbios_knl_Task_Object__DESC__C)
                  00005f60    00000020     release_pem4f.oem4f (.const:xdc_runtime_Startup_sfxnTab__A)
                  00005f80    0000001c     drivers_msp432e4.aem4f : TimerMSP432E4.oem4f (.const:TimerMSP432E4_fxnTable)
                  00005f9c    00000018     release_pem4f.oem4f (.const:ti_sysbios_gates_GateHwi_Object__PARAMS__C)
                  00005fb4    00000018     release_pem4f.oem4f (.const:ti_sysbios_gates_GateMutex_Object__PARAMS__C)
                  00005fcc    00000018     release_pem4f.oem4f (.const:ti_sysbios_knl_Queue_Object__PARAMS__C)
                  00005fe4    00000014     MSP_EXP432E401Y.obj (.const:GPIOMSP432E4_config)
                  00005ff8    00000010     release_pem4f.oem4f (.const:xdc_runtime_Startup_firstFxns__A)
                  00006008    00000010     release_pem4f.oem4f (.const:xdc_runtime_Startup_sfxnRts__A)
                  00006018    0000000c     drivers_msp432e4.aem4f : Timer.oem4f (.const:defaultParams)
                  00006024    0000000c     release_pem4f.oem4f (.const:ti_sysbios_knl_Idle_funcList__A)
                  00006030    00000008     MSP_EXP432E401Y.obj (.const:PowerMSP432E4_config)
                  00006038    00000008     release_pem4f.oem4f (.const:ti_sysbios_knl_Idle_funcList__C)
                  00006040    00000008     release_pem4f.oem4f (.const:ti_sysbios_knl_Task_hooks__C)
                  00006048    00000008     release_pem4f.oem4f (.const:xdc_runtime_Startup_firstFxns__C)
                  00006050    00000008     release_pem4f.oem4f (.const:xdc_runtime_Startup_lastFxns__C)
                  00006058    00000007     drivers_msp432e4.aem4f : GPIOMSP432E4.oem4f (.const:.string:outPinStrengths)
                  0000605f    00000006                            : GPIOMSP432E4.oem4f (.const:.string:gpioInterruptTypes)
                  00006065    00000006     MSP_EXP432E401Y.obj (.const)
                  0000606b    00000001     release_pem4f.oem4f (.const:xdc_runtime_Error_policy__C)
                  0000606c    00000004     release_pem4f.oem4f (.const:ti_sysbios_family_arm_lm4_Timer_enableFunc__C)
                  00006070    00000004     release_pem4f.oem4f (.const:ti_sysbios_family_arm_lm4_Timer_numTimerDevices__C)
                  00006074    00000004     release_pem4f.oem4f (.const:ti_sysbios_family_arm_lm4_Timer_startupNeeded__C)
                  00006078    00000004     release_pem4f.oem4f (.const:ti_sysbios_family_arm_m3_Hwi_E_alreadyDefined__C)
                  0000607c    00000004     release_pem4f.oem4f (.const:ti_sysbios_family_arm_m3_Hwi_NUM_INTERRUPTS__C)
                  00006080    00000004     release_pem4f.oem4f (.const:ti_sysbios_family_arm_m3_Hwi_Object__count__C)
                  00006084    00000004     release_pem4f.oem4f (.const:ti_sysbios_family_arm_m3_Hwi_ccr__C)
                  00006088    00000004     release_pem4f.oem4f (.const:ti_sysbios_family_arm_m3_Hwi_excHandlerFunc__C)
                  0000608c    00000004     release_pem4f.oem4f (.const:ti_sysbios_family_arm_m3_Hwi_nullIsrFunc__C)
                  00006090    00000004     release_pem4f.oem4f (.const:ti_sysbios_family_arm_m3_Hwi_priGroup__C)
                  00006094    00000004     release_pem4f.oem4f (.const:ti_sysbios_family_arm_m3_TaskSupport_stackAlignment__C)
                  00006098    00000004     release_pem4f.oem4f (.const:ti_sysbios_gates_GateMutex_Instance_State_sem__O)
                  0000609c    00000004     release_pem4f.oem4f (.const:ti_sysbios_heaps_HeapMem_E_memory__C)
                  000060a0    00000004     release_pem4f.oem4f (.const:ti_sysbios_heaps_HeapMem_Module__gateObj__C)
                  000060a4    00000004     release_pem4f.oem4f (.const:ti_sysbios_heaps_HeapMem_Object__count__C)
                  000060a8    00000004     release_pem4f.oem4f (.const:ti_sysbios_heaps_HeapMem_primaryHeapBaseAddr__C)
                  000060ac    00000004     release_pem4f.oem4f (.const:ti_sysbios_heaps_HeapMem_primaryHeapEndAddr__C)
                  000060b0    00000004     release_pem4f.oem4f (.const:ti_sysbios_heaps_HeapMem_reqAlign__C)
                  000060b4    00000004     release_pem4f.oem4f (.const:ti_sysbios_knl_Clock_Module_State_clockQ__O)
                  000060b8    00000004     release_pem4f.oem4f (.const:ti_sysbios_knl_Mailbox_Instance_State_freeQue__O)
                  000060bc    00000004     release_pem4f.oem4f (.const:ti_sysbios_knl_Mailbox_Object__count__C)
                  000060c0    00000004     release_pem4f.oem4f (.const:ti_sysbios_knl_Mailbox_maxTypeAlign__C)
                  000060c4    00000004     release_pem4f.oem4f (.const:ti_sysbios_knl_Semaphore_Instance_State_pendQ__O)
                  000060c8    00000004     release_pem4f.oem4f (.const:ti_sysbios_knl_Swi_Object__count__C)
                  000060cc    00000004     release_pem4f.oem4f (.const:ti_sysbios_knl_Task_E_deleteNotAllowed__C)
                  000060d0    00000004     release_pem4f.oem4f (.const:ti_sysbios_knl_Task_Module_State_inactiveQ__O)
                  000060d4    00000004     release_pem4f.oem4f (.const:ti_sysbios_knl_Task_Module_State_terminatedQ__O)
                  000060d8    00000004     release_pem4f.oem4f (.const:ti_sysbios_knl_Task_Object__count__C)
                  000060dc    00000004     release_pem4f.oem4f (.const:ti_sysbios_knl_Task_Object__heap__C)
                  000060e0    00000004     release_pem4f.oem4f (.const:ti_sysbios_knl_Task_allBlockedFunc__C)
                  000060e4    00000004     release_pem4f.oem4f (.const:ti_sysbios_knl_Task_defaultStackHeap__C)
                  000060e8    00000004     release_pem4f.oem4f (.const:ti_sysbios_knl_Task_defaultStackSize__C)
                  000060ec    00000004     release_pem4f.oem4f (.const:ti_sysbios_knl_Task_numConstructedTasks__C)
                  000060f0    00000004     release_pem4f.oem4f (.const:xdc_runtime_Error_E_memory__C)
                  000060f4    00000004     release_pem4f.oem4f (.const:xdc_runtime_Error_policyFxn__C)
                  000060f8    00000004     release_pem4f.oem4f (.const:xdc_runtime_IGateProvider_Interface__BASE__C)
                  000060fc    00000004     release_pem4f.oem4f (.const:xdc_runtime_IHeap_Interface__BASE__C)
                  00006100    00000004     release_pem4f.oem4f (.const:xdc_runtime_IModule_Interface__BASE__C)
                  00006104    00000004     release_pem4f.oem4f (.const:xdc_runtime_Memory_defaultHeapInstance__C)
                  00006108    00000004     release_pem4f.oem4f (.const:xdc_runtime_Startup_execImpl__C)
                  0000610c    00000004     release_pem4f.oem4f (.const:xdc_runtime_Startup_maxPasses__C)
                  00006110    00000004     release_pem4f.oem4f (.const:xdc_runtime_Startup_sfxnRts__C)
                  00006114    00000004     release_pem4f.oem4f (.const:xdc_runtime_Startup_sfxnTab__C)
                  00006118    00000004     release_pem4f.oem4f (.const:xdc_runtime_SysCallback_abortFxn__C)
                  0000611c    00000004     release_pem4f.oem4f (.const:xdc_runtime_SysCallback_exitFxn__C)
                  00006120    00000004     release_pem4f.oem4f (.const:xdc_runtime_System_Module__gateObj__C)
                  00006124    00000004     release_pem4f.oem4f (.const:xdc_runtime_System_abortFxn__C)
                  00006128    00000004     release_pem4f.oem4f (.const:xdc_runtime_System_exitFxn__C)
                  0000612c    00000004     release_pem4f.oem4f (.const:xdc_runtime_System_maxAtexitHandlers__C)
                  00006130    00000004     release_pem4f.oem4f (.const:xdc_runtime_Text_charTab__C)
                  00006134    00000004     release_pem4f.oem4f (.const:xdc_runtime_Text_nameEmpty__C)
                  00006138    00000004     release_pem4f.oem4f (.const:xdc_runtime_Text_nameStatic__C)
                  0000613c    00000004     release_pem4f.oem4f (.const:xdc_runtime_Text_nameUnknown__C)
                  00006140    00000003     drivers_msp432e4.aem4f : GPIOMSP432E4.oem4f (.const:.string:gpioCfgInputTypes)
                  00006143    00000001     release_pem4f.oem4f (.const:xdc_runtime_Text_charTab__A)
                  00006144    00000002     release_pem4f.oem4f (.const:ti_sysbios_family_arm_m3_Hwi_Module__id__C)
                  00006146    00000002     release_pem4f.oem4f (.const:ti_sysbios_heaps_HeapMem_Module__id__C)
                  00006148    00000002     release_pem4f.oem4f (.const:ti_sysbios_knl_Task_Module__id__C)
                  0000614a    00000002     release_pem4f.oem4f (.const:xdc_runtime_Memory_Module__id__C)
                  0000614c    00000002     release_pem4f.oem4f (.const:xdc_runtime_Text_charCnt__C)
                  0000614e    00000002     release_pem4f.oem4f (.const:xdc_runtime_Text_isLoaded__C)

.cinit     0    00006150    000002d8     
                  00006150    000002ad     (.cinit..data.load) [load image, compression = lzss]
                  000063fd    00000003     --HOLE-- [fill = 0]
                  00006400    0000000c     (__TI_handler_table)
                  0000640c    00000004     --HOLE-- [fill = 0]
                  00006410    00000008     (.cinit..bss.load) [load image, compression = zero_init]
                  00006418    00000010     (__TI_cinit_table)

.init_array 
*          0    00000000    00000000     UNINITIALIZED

.bss       0    20030360    0000069c     UNINITIALIZED
                  20030360    00000360     (.common:ti_sysbios_family_arm_m3_Hwi_dispatchTable)
                  200306c0    00000200     release_pem4f.oem4f (.bss:taskStackSection)
                  200308c0    0000009c     (.common:timerMSP432E4Objects)
                  2003095c    00000090     drivers_msp432e4.aem4f : GPIOMSP432E4.oem4f (.bss:gpioCallbackInfo)
                  200309ec    00000008     (.common:ti_sysbios_knl_Task_Instance_State_0_hookEnv__A)
                  200309f4    00000004                            : GPIOMSP432E4.oem4f (.bss)
                  200309f8    00000004                            : TimerMSP432E4.oem4f (.bss:timerState)

.data      0    20030a00    00000634     UNINITIALIZED
                  20030a00    0000016c     drivers_msp432e4.aem4f : PowerMSP432E4.oem4f (.data:PowerMSP432E4_module)
                  20030b6c    00000088     sysbios.aem4f : BIOS.obj (.data:$O1$$)
                  20030bf4    00000080     release_pem4f.oem4f (.data:ti_sysbios_knl_Swi_Module_State_0_readyQ__A)
                  20030c74    00000080     release_pem4f.oem4f (.data:ti_sysbios_knl_Task_Module_State_0_readyQ__A)
                  20030cf4    00000054     release_pem4f.oem4f (.data:ti_sysbios_gates_GateMutex_Object__table__V)
                  20030d48    0000004c     release_pem4f.oem4f (.data:ti_sysbios_knl_Task_Object__table__V)
                  20030d94    00000044     release_pem4f.oem4f (.data:ti_sysbios_knl_Task_Module__state__V)
                  20030dd8    00000040     release_pem4f.oem4f (.data:ti_sysbios_family_arm_lm4_Timer_Module_State_0_device__A)
                  20030e18    00000040     release_pem4f.oem4f (.data:ti_sysbios_family_arm_lm4_Timer_Object__table__V)
                  20030e58    00000034     release_pem4f.oem4f (.data:ti_sysbios_family_arm_m3_Hwi_Module__state__V)
                  20030e8c    00000030     release_pem4f.oem4f (.data:ti_sysbios_knl_Swi_Object__table__V)
                  20030ebc    0000002c     release_pem4f.oem4f (.data:ti_sysbios_knl_Clock_Module__state__V)
                  20030ee8    00000024     release_pem4f.oem4f (.data:ti_sysbios_BIOS_Module__state__V)
                  20030f0c    00000020     release_pem4f.oem4f (.data:ti_sysbios_family_arm_lm4_Timer_Module_State_0_handles__A)
                  20030f2c    00000020     release_pem4f.oem4f (.data:xdc_runtime_Error_IgnoreBlock)
                  20030f4c    0000001c     release_pem4f.oem4f (.data:ti_sysbios_knl_Swi_Module__state__V)
                  20030f68    00000018     release_pem4f.oem4f (.data:ti_sysbios_family_arm_m3_Hwi_Object__table__V)
                  20030f80    00000018     release_pem4f.oem4f (.data:ti_sysbios_heaps_HeapMem_Object__table__V)
                  20030f98    0000000c     release_pem4f.oem4f (.data:ti_sysbios_family_arm_lm4_Timer_Module__state__V)
                  20030fa4    00000009     empty.obj (.data:states)
                  20030fad    00000001     drivers_msp432e4.aem4f : Timer.oem4f (.data)
                  20030fae    00000002     release_pem4f.oem4f (.data:ti_sysbios_family_arm_m3_Hwi_Module_State_0_excActive__A)
                  20030fb0    00000008     rtsv7M4_T_le_v4SPD16_eabi.lib : _lock.c.obj (.data:$O1$$)
                  20030fb8    00000008     empty.obj (.data)
                  20030fc0    00000008     release_pem4f.oem4f (.data:ti_sysbios_family_arm_m3_Hwi_Module__root__V)
                  20030fc8    00000008     release_pem4f.oem4f (.data:ti_sysbios_gates_GateHwi_Module__root__V)
                  20030fd0    00000008     release_pem4f.oem4f (.data:ti_sysbios_gates_GateMutex_Module__root__V)
                  20030fd8    00000008     release_pem4f.oem4f (.data:ti_sysbios_heaps_HeapMem_Module__root__V)
                  20030fe0    00000008     release_pem4f.oem4f (.data:ti_sysbios_knl_Queue_Module__root__V)
                  20030fe8    00000008     release_pem4f.oem4f (.data:ti_sysbios_knl_Semaphore_Module__root__V)
                  20030ff0    00000008     release_pem4f.oem4f (.data:ti_sysbios_knl_Task_Module__root__V)
                  20030ff8    00000008     release_pem4f.oem4f (.data:xdc_runtime_Startup_Module__state__V)
                  20031000    00000008     release_pem4f.oem4f (.data:xdc_runtime_System_Module_State_0_atexitHandlers__A)
                  20031008    00000008     release_pem4f.oem4f (.data:xdc_runtime_System_Module__state__V)
                  20031010    00000005     drivers_msp432e4.aem4f : GPIOMSP432E4.oem4f (.data)
                  20031015    00000003     --HOLE--
                  20031018    00000004     rtsv7M4_T_le_v4SPD16_eabi.lib : stkdepth_vars.c.obj (.data)
                  2003101c    00000004     release_pem4f.oem4f (.data:ti_sysbios_family_arm_m3_Hwi_Module_State_0_excContext__A)
                  20031020    00000004     release_pem4f.oem4f (.data:ti_sysbios_family_arm_m3_Hwi_Module_State_0_excStack__A)
                  20031024    00000004     release_pem4f.oem4f (.data:ti_sysbios_gates_GateHwi_Object__table__V)
                  20031028    00000004     release_pem4f.oem4f (.data:ti_sysbios_knl_Task_Module_State_0_idleTask__A)
                  2003102c    00000004     release_pem4f.oem4f (.data:ti_sysbios_rts_ti_ReentSupport_Module__state__V)
                  20031030    00000004     release_pem4f.oem4f (.data:xdc_runtime_Memory_Module__state__V)

.priheap   0    20000360    00030000     UNINITIALIZED
                  20000360    00030000     --HOLE--

.stack     0    2003fc00    00000400     UNINITIALIZED
                  2003fc00    00000400     --HOLE--

.bootVecs 
*          0    00000000    00000008     DSECT
                  00000000    00000008     boot.aem4f : boot.oem4f (.bootVecs)

.resetVecs 
*          0    00000000    0000003c     
                  00000000    0000003c     release_pem4f.oem4f (.resetVecs)

.vecs      0    20000000    00000360     NOLOAD SECTION
                  20000000    00000360     release_pem4f.oem4f (.vecs)

xdc.meta   0    00000000    00000104     COPY SECTION
                  00000000    00000104     release_pem4f.oem4f (xdc.meta)

xdc.noload 
*          0    00000000    00000000     COPY SECTION

.binit     0    00000000    00000000     

MODULE SUMMARY

       Module                       code    ro data   rw data
       ------                       ----    -------   -------
    .\
       empty.obj                    530     0         17     
       MSP_EXP432E401Y.obj          50      118       156    
       main_tirtos.obj              140     0         0      
    +--+----------------------------+-------+---------+---------+
       Total:                       720     118       173    
                                                             
    C:\Users\Anthony\workspace_v8\tirtos_builds_MSP_EXP432E401Y_release_ccs\Debug\configPkg\package\cfg\
       release_pem4f.oem4f          1426    1102      3298   
    +--+----------------------------+-------+---------+---------+
       Total:                       1426    1102      3298   
                                                             
    C:/ti/simplelink_msp432e4_sdk_2_10_00_17/kernel/tirtos/packages/ti/dpl/lib/dpl_msp432e4.aem4f
       SemaphoreP_tirtos.oem4f      146     0         0      
       HwiP_tirtos.oem4f            100     0         0      
       PowerMSP432E4_tirtos.oem4f   16      0         0      
       ClockP_tirtos.oem4f          4       0         0      
    +--+----------------------------+-------+---------+---------+
       Total:                       266     0         0      
                                                             
    C:/ti/simplelink_msp432e4_sdk_2_10_00_17/source/ti/devices/msp432e4/driverlib/lib/ccs/m4f/msp432e4_driverlib.a
       gpio_MSP432E411Y.obj         510     0         0      
       sysctl_MSP432E411Y.obj       464     0         0      
       timer_MSP432E411Y.obj        120     0         0      
    +--+----------------------------+-------+---------+---------+
       Total:                       1094    0         0      
                                                             
    C:/ti/simplelink_msp432e4_sdk_2_10_00_17/source/ti/drivers/lib/drivers_msp432e4.aem4f
       GPIOMSP432E4.oem4f           732     196       153    
       TimerMSP432E4.oem4f          1018    28        4      
       PowerMSP432E4.oem4f          336     0         364    
       Timer.oem4f                  154     12        1      
    +--+----------------------------+-------+---------+---------+
       Total:                       2240    236       522    
                                                             
    C:\Users\Anthony\workspace_v8\tirtos_builds_MSP_EXP432E401Y_release_ccs\src\sysbios\sysbios.aem4f
       BIOS.obj                     9204    452       136    
       m3_Hwi_asm.obj               310     0         0      
       m3_TaskSupport_asm.obj       180     0         0      
       m3_Hwi_asm_switch.obj        118     0         0      
    +--+----------------------------+-------+---------+---------+
       Total:                       9812    452       136    
                                                             
    C:\ti\ccsv8\tools\compiler\ti-cgt-arm_18.1.2.LTS\lib\rtsv7M4_T_le_v4SPD16_eabi.lib
       k_rem_pio2.c.obj             1848    344       0      
       s_sin.c.obj                  1476    0         0      
       fd_add_t2.asm.obj            438     0         0      
       k_sin.c.obj                  372     0         0      
       k_cos.c.obj                  364     0         0      
       fd_div_t2.asm.obj            310     0         0      
       s_scalbn.c.obj               272     0         0      
       fd_cmp_t2.asm.obj            268     0         0      
       fd_mul_t2.asm.obj            252     0         0      
       s_floor.c.obj                248     0         0      
       memcpy_t2.asm.obj            156     0         0      
       memset_t2.asm.obj            122     0         0      
       copy_decompress_lzss.c.obj   104     0         0      
       cpy_tbl.c.obj                76      0         0      
       fd_toi_t2.asm.obj            72      0         0      
       i_tofd_t2.asm.obj            46      0         0      
       ull_tofd_t2.asm.obj          44      0         0      
       _lock.c.obj                  26      0         8      
       u_tofd_t2.asm.obj            32      0         0      
       args_main.c.obj              24      0         0      
       s_copysign.c.obj             20      0         0      
       copy_decompress_none.c.obj   14      0         0      
       copy_zero_init.c.obj         12      0         0      
       stkdepth_vars.c.obj          0       0         4      
    +--+----------------------------+-------+---------+---------+
       Total:                       6596    344       12     
                                                             
    C:\ti\simplelink_msp432e4_sdk_2_10_00_17\kernel\tirtos\packages\ti\targets\arm\rtsarm\lib\auto_init.aem4f
       auto_init.oem4f              160     0         0      
    +--+----------------------------+-------+---------+---------+
       Total:                       160     0         0      
                                                             
    C:\ti\simplelink_msp432e4_sdk_2_10_00_17\kernel\tirtos\packages\ti\targets\arm\rtsarm\lib\boot.aem4f
       boot.oem4f                   88      0         0      
    +--+----------------------------+-------+---------+---------+
       Total:                       88      0         0      
                                                             
       Stack:                       0       0         1024   
       Linker Generated:            0       721       0      
    +--+----------------------------+-------+---------+---------+
       Grand Total:                 22402   2973      5165   


LINKER GENERATED COPY TABLES

__TI_cinit_table @ 00006418 records: 2, size/record: 8, table size: 16
	.data: load addr=00006150, load size=000002ad bytes, run addr=20030a00, run size=00000634 bytes, compression=lzss
	.bss: load addr=00006410, load size=00000008 bytes, run addr=20030360, run size=0000069c bytes, compression=zero_init


LINKER GENERATED HANDLER TABLE

__TI_handler_table @ 00006400 records: 3, size/record: 4, table size: 12
	index: 0, handler: __TI_decompress_lzss
	index: 1, handler: __TI_decompress_none
	index: 2, handler: __TI_zero_init


GLOBAL SYMBOLS: SORTED ALPHABETICALLY BY Name 

address   name                                                            
-------   ----                                                            
00006066  ADCBuf_count                                                    
00006065  ADC_count                                                       
00000d3d  ClockP_getCpuFreq                                               
00004d37  GPIODirModeSet                                                  
000019a3  GPIOIntClear                                                    
00005691  GPIOIntStatus                                                   
00003c9d  GPIOIntTypeSet                                                  
00005fe4  GPIOMSP432E4_config                                             
00001873  GPIOPadConfigSet                                                
00005295  GPIOPinTypeGPIOOutput                                           
000052ad  GPIOPinTypeGPIOOutputOD                                         
00001bfb  GPIOPinWrite                                                    
0000378d  GPIO_hwiIntFxn                                                  
00002909  GPIO_init                                                       
00003ea5  GPIO_setCallback                                                
0000148d  GPIO_setConfig                                                  
00030000  HEAPSIZE                                                        
0000558d  HwiP_Params_init                                                
000015e5  HwiP_clearInterrupt                                             
000045f5  HwiP_create                                                     
000056ef  HwiP_delete                                                     
00001f45  HwiP_disable                                                    
00005839  HwiP_restore                                                    
00006067  I2C_count                                                       
00004ab1  MSP_EXP432E401Y_initGeneral                                     
000057c9  NDK_hookInit                                                    
00006068  PWM_count                                                       
00006030  PowerMSP432E4_config                                            
20030a00  PowerMSP432E4_module                                            
0000559d  PowerMSP432E4_sleepPolicy                                       
000052c5  Power_idleFunc                                                  
000038c5  Power_init                                                      
000036b1  Power_releaseDependency                                         
000037f5  Power_setDependency                                             
UNDEFED   SHT$$INIT_ARRAY$$Base                                           
UNDEFED   SHT$$INIT_ARRAY$$Limit                                          
000057fb  SemaphoreP_Params_init                                          
000046b9  SemaphoreP_create                                               
00004d65  SemaphoreP_createBinary                                         
000056fb  SemaphoreP_delete                                               
0000551d  SemaphoreP_pend                                                 
00002535  SemaphoreP_post                                                 
0000505d  SysCtlPeripheralClockGating                                     
000048d9  SysCtlPeripheralDisable                                         
0000490d  SysCtlPeripheralEnable                                          
00004941  SysCtlPeripheralPowerOff                                        
00004975  SysCtlPeripheralPowerOn                                         
000046f5  SysCtlPeripheralPresent                                         
00004731  SysCtlPeripheralReady                                           
000049a9  SysCtlPeripheralSleepDisable                                    
000049dd  SysCtlPeripheralSleepEnable                                     
000052dd  TimerControlStall                                               
000052f5  TimerDisable                                                    
0000569f  TimerEnable                                                     
0000279d  TimerIntClear                                                   
000057d3  TimerIntDisable                                                 
00005803  TimerIntEnable                                                  
0000552f  TimerLoadSet                                                    
00003929  TimerMSP432E4_allocateTimerResource                             
00004a11  TimerMSP432E4_close                                             
00004ae3  TimerMSP432E4_control                                           
000041c1  TimerMSP432E4_freeTimerResource                                 
00005f80  TimerMSP432E4_fxnTable                                          
0000530d  TimerMSP432E4_getCount                                          
000011ab  TimerMSP432E4_init                                              
00001d1d  TimerMSP432E4_open                                              
000034ed  TimerMSP432E4_start                                             
00004175  TimerMSP432E4_stop                                              
00005541  TimerPrescaleSet                                                
000055ad  Timer_Params_init                                               
00005dac  Timer_config                                                    
00006069  Timer_count                                                     
00004449  Timer_init                                                      
0000476d  Timer_open                                                      
000057dd  Timer_start                                                     
0000606a  UART_count                                                      
00000000  __ASM__                                                         
00000080  __ISA__                                                         
00000093  __PLAT__                                                        
20040000  __STACK_END                                                     
00000400  __STACK_SIZE                                                    
000000b6  __TARG__                                                        
00006418  __TI_CINIT_Base                                                 
00006428  __TI_CINIT_Limit                                                
00006400  __TI_Handler_Table_Base                                         
0000640c  __TI_Handler_Table_Limit                                        
00002a5d  __TI_auto_init                                                  
0000385d  __TI_decompress_lzss                                            
000056ad  __TI_decompress_none                                            
ffffffff  __TI_pprof_out_hndl                                             
ffffffff  __TI_prof_data_size                                             
ffffffff  __TI_prof_data_start                                            
00006150  __TI_static_base__                                              
00005721  __TI_zero_init                                                  
000000dc  __TRDR__                                                        
000030d5  __aeabi_cdcmpeq                                                 
000030d5  __aeabi_cdcmple                                                 
0000315b  __aeabi_cdrcmple                                                
00004209  __aeabi_d2iz                                                    
00000fff  __aeabi_dadd                                                    
0000173d  __aeabi_ddiv                                                    
00002165  __aeabi_dmul                                                    
00000ff5  __aeabi_dsub                                                    
00005869  __aeabi_errno_addr                                              
00004d09  __aeabi_i2d                                                     
000033fb  __aeabi_memclr                                                  
000033fb  __aeabi_memclr4                                                 
000033fb  __aeabi_memclr8                                                 
00002c3d  __aeabi_memcpy                                                  
00002c3d  __aeabi_memcpy4                                                 
00002c3d  __aeabi_memcpy8                                                 
000033fd  __aeabi_memset                                                  
000033fd  __aeabi_memset4                                                 
000033fd  __aeabi_memset8                                                 
0000509d  __aeabi_ui2d                                                    
00004dbd  __aeabi_ul2d                                                    
ffffffff  __binit__                                                       
ffffffff  __c_args__                                                      
00001321  __kernel_cos                                                    
00000041  __kernel_rem_pio2                                               
000011ad  __kernel_sin                                                    
20030360  __primary_heap_end__                                            
20000360  __primary_heap_start__                                          
2003fc00  __stack                                                         
00005325  _args_main                                                      
00003cf5  _c_int00                                                        
20030fb0  _lock                                                           
00003267  _nop                                                            
00004d91  _pthread_cleanupFxn                                             
00002ba1  _pthread_removeThreadKeys                                       
00003561  _pthread_runStub                                                
00005709  _register_lock                                                  
00005715  _register_unlock                                                
20030fb4  _unlock                                                         
ffffffff  binit                                                           
00004039  copy_in                                                         
00005477  copysign                                                        
00005477  copysignl                                                       
00002b01  findNearestStateIndex                                           
00002261  floor                                                           
00002261  floorl                                                          
20030360  gpioCallbackFunctions                                           
20030360  gpioPinConfigs                                                  
00001e35  ldexp                                                           
00001e35  ldexpl                                                          
00003379  main                                                            
00001ad9  mainThread                                                      
20031018  main_func_sp                                                    
00002c3d  memcpy                                                          
00003403  memset                                                          
00004ee9  pthread_attr_init                                               
000056c1  pthread_attr_setdetachstate                                     
00005491  pthread_attr_setschedparam                                      
00005811  pthread_attr_setstacksize                                       
00002539  pthread_create                                                  
00001e35  scalbn                                                          
00001e35  scalbnl                                                         
00000779  sin                                                             
00000779  sinl                                                            
20030fb8  state_counter                                                   
20030fa4  states                                                          
20030ee8  ti_sysbios_BIOS_Module__state__V                                
000053b5  ti_sysbios_BIOS_RtsGateProxy_Handle__label__S                   
000029b5  ti_sysbios_BIOS_RtsGateProxy_enter__E                           
00002afd  ti_sysbios_BIOS_RtsGateProxy_leave__E                           
00005879  ti_sysbios_BIOS_RtsGateProxy_query__E                           
00004b55  ti_sysbios_BIOS_atExitFunc__I                                   
00005461  ti_sysbios_BIOS_exitFunc__I                                     
000055c1  ti_sysbios_BIOS_getCpuFreq__E                                   
00005889  ti_sysbios_BIOS_linkedWithIncorrectBootLibrary__E               
0000355f  ti_sysbios_BIOS_nullFunc__I                                     
00004f0d  ti_sysbios_BIOS_registerRTSLock__I                              
00004f31  ti_sysbios_BIOS_removeRTSLock__I                                
000050bd  ti_sysbios_BIOS_rtsLock__I                                      
0000533d  ti_sysbios_BIOS_rtsUnlock__I                                    
000055d1  ti_sysbios_BIOS_setThreadType__E                                
00004b85  ti_sysbios_BIOS_startFunc__I                                    
000055e1  ti_sysbios_BIOS_start__E                                        
20030dd8  ti_sysbios_family_arm_lm4_Timer_Module_State_0_device__A        
20030f0c  ti_sysbios_family_arm_lm4_Timer_Module_State_0_handles__A       
00005355  ti_sysbios_family_arm_lm4_Timer_Module__startupDone__F          
00005355  ti_sysbios_family_arm_lm4_Timer_Module__startupDone__S          
20030f98  ti_sysbios_family_arm_lm4_Timer_Module__state__V                
00003991  ti_sysbios_family_arm_lm4_Timer_Module_startup__E               
20030e18  ti_sysbios_family_arm_lm4_Timer_Object__table__V                
0000606c  ti_sysbios_family_arm_lm4_Timer_enableFunc__C                   
00004251  ti_sysbios_family_arm_lm4_Timer_enableTimers__I                 
00002859  ti_sysbios_family_arm_lm4_Timer_enableTiva__I                   
00005731  ti_sysbios_family_arm_lm4_Timer_getMaxTicks__E                  
00003da9  ti_sysbios_family_arm_lm4_Timer_initDevice__I                   
00004491  ti_sysbios_family_arm_lm4_Timer_isrStub__E                      
00005819  ti_sysbios_family_arm_lm4_Timer_masterDisable__I                
00002e05  ti_sysbios_family_arm_lm4_Timer_masterEnable__I                 
00006070  ti_sysbios_family_arm_lm4_Timer_numTimerDevices__C              
00002059  ti_sysbios_family_arm_lm4_Timer_start__E                        
00006074  ti_sysbios_family_arm_lm4_Timer_startupNeeded__C                
00004639  ti_sysbios_family_arm_lm4_Timer_startup__E                      
00004bb9  ti_sysbios_family_arm_lm4_Timer_stop__E                         
00005039  ti_sysbios_family_arm_lm4_Timer_write__I                        
00006078  ti_sysbios_family_arm_m3_Hwi_E_alreadyDefined__C                
000047a9  ti_sysbios_family_arm_m3_Hwi_Instance_finalize__E               
00002cd9  ti_sysbios_family_arm_m3_Hwi_Instance_init__E                   
20030fae  ti_sysbios_family_arm_m3_Hwi_Module_State_0_excActive__A        
2003101c  ti_sysbios_family_arm_m3_Hwi_Module_State_0_excContext__A       
20031020  ti_sysbios_family_arm_m3_Hwi_Module_State_0_excStack__A         
00006144  ti_sysbios_family_arm_m3_Hwi_Module__id__C                      
20030fc0  ti_sysbios_family_arm_m3_Hwi_Module__root__V                    
0000536d  ti_sysbios_family_arm_m3_Hwi_Module__startupDone__F             
0000536d  ti_sysbios_family_arm_m3_Hwi_Module__startupDone__S             
20030e58  ti_sysbios_family_arm_m3_Hwi_Module__state__V                   
00003ef9  ti_sysbios_family_arm_m3_Hwi_Module_startup__E                  
0000607c  ti_sysbios_family_arm_m3_Hwi_NUM_INTERRUPTS__C                  
00005e80  ti_sysbios_family_arm_m3_Hwi_Object__DESC__C                    
00005cf4  ti_sysbios_family_arm_m3_Hwi_Object__PARAMS__C                  
00006080  ti_sysbios_family_arm_m3_Hwi_Object__count__C                   
000050dd  ti_sysbios_family_arm_m3_Hwi_Object__delete__S                  
000054a5  ti_sysbios_family_arm_m3_Hwi_Object__get__S                     
20030f68  ti_sysbios_family_arm_m3_Hwi_Object__table__V                   
0000573d  ti_sysbios_family_arm_m3_Hwi_Params__init__S                    
00006084  ti_sysbios_family_arm_m3_Hwi_ccr__C                             
00005101  ti_sysbios_family_arm_m3_Hwi_clearInterrupt__E                  
00003dfd  ti_sysbios_family_arm_m3_Hwi_create                             
[...]
00005419  ti_sysbios_rts_ti_ReentSupport_getTlsAddr__I                    
00005431  xdc_runtime_Error_init__E                                       
00005449  xdc_runtime_System_exit__E                                      
00005461  ti_sysbios_BIOS_exitFunc__I                                     
00005477  copysign                                                        
00005477  copysignl                                                       
00005491  pthread_attr_setschedparam                                      
000054a5  ti_sysbios_family_arm_m3_Hwi_Object__get__S                     
000054b9  ti_sysbios_family_arm_m3_Hwi_switchFromBootStack__E             
000054b9  ti_sysbios_hal_Hwi_HwiProxy_switchFromBootStack__E              
000054b9  ti_sysbios_hal_Hwi_switchFromBootStack__E                       
000054cd  ti_sysbios_heaps_HeapMem_Object__get__S                         
000054e1  ti_sysbios_knl_Swi_Object__get__S                               
000054f5  ti_sysbios_knl_Task_Object__first__S                            
00005509  ti_sysbios_knl_Task_Object__next__S                             
0000551d  SemaphoreP_pend                                                 
0000552f  TimerLoadSet                                                    
00005541  TimerPrescaleSet                                                
00005559  ti_sysbios_hal_Hwi_Module_startup__E                            
0000556b  xdc_runtime_Startup_exec__I                                     
0000557d  ti_sysbios_family_arm_msp432e4_init_Boot_init__I                
0000557d  xdc_runtime_Startup_reset__I                                    
0000558d  HwiP_Params_init                                                
0000559d  PowerMSP432E4_sleepPolicy                                       
000055ad  Timer_Params_init                                               
000055c1  ti_sysbios_BIOS_getCpuFreq__E                                   
000055d1  ti_sysbios_BIOS_setThreadType__E                                
000055e1  ti_sysbios_BIOS_start__E                                        
000055f1  ti_sysbios_family_arm_m3_TaskSupport_glue                       
00005601  ti_sysbios_gates_GateMutex_Instance_finalize__E                 
00005611  ti_sysbios_knl_Mailbox_Object__get__S                           
00005621  ti_sysbios_knl_Semaphore_Instance_finalize__E                   
00005631  ti_sysbios_knl_Swi_disable__E                                   
00005641  ti_sysbios_knl_Task_Object__get__S                              
00005651  ti_sysbios_knl_Task_disable__E                                  
00005661  xdc_runtime_Memory_free__E                                      
00005671  xdc_runtime_SysCallback_abort__E                                
00005671  xdc_runtime_System_SupportProxy_abort__E                        
00005681  xdc_runtime_SysCallback_exit__E                                 
00005681  xdc_runtime_System_SupportProxy_exit__E                         
00005691  GPIOIntStatus                                                   
0000569f  TimerEnable                                                     
000056ad  __TI_decompress_none                                            
000056c1  pthread_attr_setdetachstate                                     
000056d1  ti_sysbios_knl_Idle_loop__E                                     
000056e1  ti_sysbios_knl_Queue_empty__E                                   
000056ef  HwiP_delete                                                     
000056fb  SemaphoreP_delete                                               
00005709  _register_lock                                                  
00005715  _register_unlock                                                
00005721  __TI_zero_init                                                  
00005731  ti_sysbios_family_arm_lm4_Timer_getMaxTicks__E                  
0000573d  ti_sysbios_family_arm_m3_Hwi_Params__init__S                    
0000573d  ti_sysbios_hal_Hwi_HwiProxy_Params__init__S                     
00005749  ti_sysbios_family_arm_m3_Hwi_disableFxn__E                      
00005749  ti_sysbios_hal_Hwi_HwiProxy_disable__E                          
00005759  ti_sysbios_family_arm_m3_TaskSupport_getStackAlignment__E       
00005759  ti_sysbios_knl_Task_SupportProxy_getStackAlignment__E           
00005769  ti_sysbios_gates_GateHwi_enter__E                               
00005775  ti_sysbios_knl_Queue_Object__get__S                             
00005781  ti_sysbios_knl_Semaphore_Params__init__S                        
0000578d  ti_sysbios_knl_Task_Params__init__S                             
00005799  ti_sysbios_knl_Task_self__E                                     
000057a9  ti_sysbios_rts_ti_ReentSupport_taskRegHook__I                   
000057b9  xdc_runtime_Startup_rtsDone__E                                  
000057c9  NDK_hookInit                                                    
000057d3  TimerIntDisable                                                 
000057dd  Timer_start                                                     
000057e7  xdc_runtime_Memory_HeapProxy_alloc__E                           
000057f1  xdc_runtime_Memory_HeapProxy_free__E                            
000057fb  SemaphoreP_Params_init                                          
00005803  TimerIntEnable                                                  
00005811  pthread_attr_setstacksize                                       
00005819  ti_sysbios_family_arm_lm4_Timer_masterDisable__I                
00005821  ti_sysbios_family_arm_m3_Hwi_doSwiRestore__I                    
00005829  ti_sysbios_family_arm_m3_Hwi_startup__E                         
00005829  ti_sysbios_hal_Hwi_HwiProxy_startup__E                          
00005829  ti_sysbios_hal_Hwi_startup__E                                   
00005831  ti_sysbios_family_arm_m3_Hwi_doTaskRestore__I                   
00005839  HwiP_restore                                                    
00005839  ti_sysbios_family_arm_m3_Hwi_restoreFxn__E                      
00005839  ti_sysbios_hal_Hwi_HwiProxy_restore__E                          
00005841  ti_sysbios_gates_GateHwi_leave__E                               
00005849  ti_sysbios_heaps_HeapMem_isBlocking__E                          
00005851  ti_sysbios_knl_Queue_Instance_init__E                           
00005859  ti_sysbios_knl_Swi_startup__E                                   
00005861  xdc_runtime_System_Module_startup__E                            
00005869  __aeabi_errno_addr                                              
00005871  ti_sysbios_gates_GateHwi_query__E                               
00005871  xdc_runtime_Main_Module_GateProxy_query__E                      
00005871  xdc_runtime_System_Module_GateProxy_query__E                    
00005879  ti_sysbios_BIOS_RtsGateProxy_query__E                           
00005879  ti_sysbios_gates_GateMutex_query__E                             
00005879  ti_sysbios_heaps_HeapMem_Module_GateProxy_query__E              
00005881  ti_sysbios_knl_Task_startup__E                                  
00005889  ti_sysbios_BIOS_linkedWithIncorrectBootLibrary__E               
00005891  ti_sysbios_gates_GateHwi_Instance_init__E                       
00005899  ti_sysbios_knl_Clock_logTick__E                                 
000058a1  xdc_runtime_SysCallback_defaultAbort                            
000058a9  xdc_runtime_SysCallback_defaultExit                             
000058b1  xdc_runtime_System_abortSpin__E                                 
000058b9  xdc_runtime_System_exitSpin__E                                  
00005cb8  ti_sysbios_knl_Task_Object__PARAMS__C                           
00005cf4  ti_sysbios_family_arm_m3_Hwi_Object__PARAMS__C                  
00005d24  ti_sysbios_knl_Task_hooks__A                                    
00005d54  timerMSP432E4HWAttrs                                            
00005d84  ti_sysbios_heaps_HeapMem_Module__FXNS__C                        
00005dac  Timer_config                                                    
00005dd0  ti_sysbios_gates_GateHwi_Module__FXNS__C                        
00005df4  ti_sysbios_gates_GateMutex_Module__FXNS__C                      
00005e18  ti_sysbios_heaps_HeapMem_Object__PARAMS__C                      
00005e3c  ti_sysbios_knl_Semaphore_Object__PARAMS__C                      
00005e80  ti_sysbios_family_arm_m3_Hwi_Object__DESC__C                    
00005ea0  ti_sysbios_gates_GateHwi_Object__DESC__C                        
00005ec0  ti_sysbios_gates_GateMutex_Object__DESC__C                      
00005ee0  ti_sysbios_heaps_HeapMem_Object__DESC__C                        
00005f00  ti_sysbios_knl_Queue_Object__DESC__C                            
00005f20  ti_sysbios_knl_Semaphore_Object__DESC__C                        
00005f40  ti_sysbios_knl_Task_Object__DESC__C                             
00005f60  xdc_runtime_Startup_sfxnTab__A                                  
00005f80  TimerMSP432E4_fxnTable                                          
00005f9c  ti_sysbios_gates_GateHwi_Object__PARAMS__C                      
00005fb4  ti_sysbios_gates_GateMutex_Object__PARAMS__C                    
00005fcc  ti_sysbios_knl_Queue_Object__PARAMS__C                          
00005fe4  GPIOMSP432E4_config                                             
00005ff8  xdc_runtime_Startup_firstFxns__A                                
00006008  xdc_runtime_Startup_sfxnRts__A                                  
00006024  ti_sysbios_knl_Idle_funcList__A                                 
00006030  PowerMSP432E4_config                                            
00006038  ti_sysbios_knl_Idle_funcList__C                                 
00006040  ti_sysbios_knl_Task_hooks__C                                    
00006048  xdc_runtime_Startup_firstFxns__C                                
00006050  xdc_runtime_Startup_lastFxns__C                                 
00006065  ADC_count                                                       
00006066  ADCBuf_count                                                    
00006067  I2C_count                                                       
00006068  PWM_count                                                       
00006069  Timer_count                                                     
0000606a  UART_count                                                      
0000606b  xdc_runtime_Error_policy__C                                     
0000606c  ti_sysbios_family_arm_lm4_Timer_enableFunc__C                   
00006070  ti_sysbios_family_arm_lm4_Timer_numTimerDevices__C              
00006074  ti_sysbios_family_arm_lm4_Timer_startupNeeded__C                
00006078  ti_sysbios_family_arm_m3_Hwi_E_alreadyDefined__C                
0000607c  ti_sysbios_family_arm_m3_Hwi_NUM_INTERRUPTS__C                  
00006080  ti_sysbios_family_arm_m3_Hwi_Object__count__C                   
00006084  ti_sysbios_family_arm_m3_Hwi_ccr__C                             
00006088  ti_sysbios_family_arm_m3_Hwi_excHandlerFunc__C                  
0000608c  ti_sysbios_family_arm_m3_Hwi_nullIsrFunc__C                     
00006090  ti_sysbios_family_arm_m3_Hwi_priGroup__C                        
00006094  ti_sysbios_family_arm_m3_TaskSupport_stackAlignment__C          
00006098  ti_sysbios_gates_GateMutex_Instance_State_sem__O                
0000609c  ti_sysbios_heaps_HeapMem_E_memory__C                            
000060a0  ti_sysbios_heaps_HeapMem_Module__gateObj__C                     
000060a4  ti_sysbios_heaps_HeapMem_Object__count__C                       
000060a8  ti_sysbios_heaps_HeapMem_primaryHeapBaseAddr__C                 
000060ac  ti_sysbios_heaps_HeapMem_primaryHeapEndAddr__C                  
000060b0  ti_sysbios_heaps_HeapMem_reqAlign__C                            
000060b4  ti_sysbios_knl_Clock_Module_State_clockQ__O                     
000060b8  ti_sysbios_knl_Mailbox_Instance_State_freeQue__O                
000060bc  ti_sysbios_knl_Mailbox_Object__count__C                         
000060c0  ti_sysbios_knl_Mailbox_maxTypeAlign__C                          
000060c4  ti_sysbios_knl_Semaphore_Instance_State_pendQ__O                
000060c8  ti_sysbios_knl_Swi_Object__count__C                             
000060cc  ti_sysbios_knl_Task_E_deleteNotAllowed__C                       
000060d0  ti_sysbios_knl_Task_Module_State_inactiveQ__O                   
000060d4  ti_sysbios_knl_Task_Module_State_terminatedQ__O                 
000060d8  ti_sysbios_knl_Task_Object__count__C                            
000060dc  ti_sysbios_knl_Task_Object__heap__C                             
000060e0  ti_sysbios_knl_Task_allBlockedFunc__C                           
000060e4  ti_sysbios_knl_Task_defaultStackHeap__C                         
000060e8  ti_sysbios_knl_Task_defaultStackSize__C                         
000060ec  ti_sysbios_knl_Task_numConstructedTasks__C                      
000060f0  xdc_runtime_Error_E_memory__C                                   
000060f4  xdc_runtime_Error_policyFxn__C                                  
000060f8  xdc_runtime_IGateProvider_Interface__BASE__C                    
000060fc  xdc_runtime_IHeap_Interface__BASE__C                            
00006100  xdc_runtime_IModule_Interface__BASE__C                          
00006104  xdc_runtime_Memory_defaultHeapInstance__C                       
00006108  xdc_runtime_Startup_execImpl__C                                 
0000610c  xdc_runtime_Startup_maxPasses__C                                
00006110  xdc_runtime_Startup_sfxnRts__C                                  
00006114  xdc_runtime_Startup_sfxnTab__C                                  
00006118  xdc_runtime_SysCallback_abortFxn__C                             
0000611c  xdc_runtime_SysCallback_exitFxn__C                              
00006120  xdc_runtime_System_Module__gateObj__C                           
00006124  xdc_runtime_System_abortFxn__C                                  
00006128  xdc_runtime_System_exitFxn__C                                   
0000612c  xdc_runtime_System_maxAtexitHandlers__C                         
00006130  xdc_runtime_Text_charTab__C                                     
00006134  xdc_runtime_Text_nameEmpty__C                                   
00006138  xdc_runtime_Text_nameStatic__C                                  
0000613c  xdc_runtime_Text_nameUnknown__C                                 
00006143  xdc_runtime_Text_charTab__A                                     
00006144  ti_sysbios_family_arm_m3_Hwi_Module__id__C                      
00006146  ti_sysbios_heaps_HeapMem_Module__id__C                          
00006148  ti_sysbios_knl_Task_Module__id__C                               
0000614a  xdc_runtime_Memory_Module__id__C                                
0000614c  xdc_runtime_Text_charCnt__C                                     
0000614e  xdc_runtime_Text_isLoaded__C                                    
00006150  __TI_static_base__                                              
00006400  __TI_Handler_Table_Base                                         
0000640c  __TI_Handler_Table_Limit                                        
00006418  __TI_CINIT_Base                                                 
00006428  __TI_CINIT_Limit                                                
00030000  HEAPSIZE                                                        
20000000  ti_sysbios_family_arm_m3_Hwi_ramVectors                         
20000360  __primary_heap_start__                                          
20030360  __primary_heap_end__                                            
20030360  gpioCallbackFunctions                                           
20030360  gpioPinConfigs                                                  
20030360  ti_sysbios_family_arm_m3_Hwi_dispatchTable                      
200306c0  ti_sysbios_knl_Task_Instance_State_0_stack__A                   
200308c0  timerMSP432E4Objects                                            
200309ec  ti_sysbios_knl_Task_Instance_State_0_hookEnv__A                 
20030a00  PowerMSP432E4_module                                            
20030bf4  ti_sysbios_knl_Swi_Module_State_0_readyQ__A                     
20030c74  ti_sysbios_knl_Task_Module_State_0_readyQ__A                    
20030cf4  ti_sysbios_gates_GateMutex_Object__table__V                     
20030d48  ti_sysbios_knl_Task_Object__table__V                            
20030d94  ti_sysbios_knl_Task_Module__state__V                            
20030dd8  ti_sysbios_family_arm_lm4_Timer_Module_State_0_device__A        
20030e18  ti_sysbios_family_arm_lm4_Timer_Object__table__V                
20030e58  ti_sysbios_family_arm_m3_Hwi_Module__state__V                   
20030e8c  ti_sysbios_knl_Swi_Object__table__V                             
20030ebc  ti_sysbios_knl_Clock_Module__state__V                           
20030ee8  ti_sysbios_BIOS_Module__state__V                                
20030f0c  ti_sysbios_family_arm_lm4_Timer_Module_State_0_handles__A       
20030f2c  xdc_runtime_Error_IgnoreBlock                                   
20030f4c  ti_sysbios_knl_Swi_Module__state__V                             
20030f68  ti_sysbios_family_arm_m3_Hwi_Object__table__V                   
20030f80  ti_sysbios_heaps_HeapMem_Object__table__V                       
20030f98  ti_sysbios_family_arm_lm4_Timer_Module__state__V                
20030fa4  states                                                          
20030fae  ti_sysbios_family_arm_m3_Hwi_Module_State_0_excActive__A        
20030fb0  _lock                                                           
20030fb4  _unlock                                                         
20030fb8  state_counter                                                   
20030fc0  ti_sysbios_family_arm_m3_Hwi_Module__root__V                    
20030fc8  ti_sysbios_gates_GateHwi_Module__root__V                        
20030fd0  ti_sysbios_gates_GateMutex_Module__root__V                      
20030fd8  ti_sysbios_heaps_HeapMem_Module__root__V                        
20030fe0  ti_sysbios_knl_Queue_Module__root__V                            
20030fe8  ti_sysbios_knl_Semaphore_Module__root__V                        
20030ff0  ti_sysbios_knl_Task_Module__root__V                             
20030ff8  xdc_runtime_Startup_Module__state__V                            
20031000  xdc_runtime_System_Module_State_0_atexitHandlers__A             
20031008  xdc_runtime_System_Module__state__V                             
20031018  main_func_sp                                                    
2003101c  ti_sysbios_family_arm_m3_Hwi_Module_State_0_excContext__A       
20031020  ti_sysbios_family_arm_m3_Hwi_Module_State_0_excStack__A         
20031024  ti_sysbios_gates_GateHwi_Object__table__V                       
20031028  ti_sysbios_knl_Task_Module_State_0_idleTask__A                  
2003102c  ti_sysbios_rts_ti_ReentSupport_Module__state__V                 
20031030  xdc_runtime_Memory_Module__state__V                             
2003fc00  __stack                                                         
20040000  __STACK_END                                                     
e000e000  ti_sysbios_family_arm_m3_Hwi_nvic                               
ffffffff  __TI_pprof_out_hndl                                             
ffffffff  __TI_prof_data_size                                             
ffffffff  __TI_prof_data_start                                            
ffffffff  __binit__                                                       
ffffffff  __c_args__                                                      
ffffffff  binit                                                           
UNDEFED   SHT$$INIT_ARRAY$$Base                                           
UNDEFED   SHT$$INIT_ARRAY$$Limit                                          

[519 symbols]
