******************************************************************************
                  TI ARM Linker PC v18.1.2                     
******************************************************************************
>> Linked Mon Jul 30 18:05:05 2018

OUTPUT FILE NAME:   <Inverter.out>
ENTRY POINT SYMBOL: "_c_int00"  address: 000056fd


MEMORY CONFIGURATION

         name            origin    length      used     unused   attr    fill
----------------------  --------  ---------  --------  --------  ----  --------
  FLASH                 00000000   00100000  00009df8  000f6208  R  X
  SRAM                  20000000   00040000  0003193c  0000e6c4  RW X


SEGMENT ALLOCATION MAP

run origin  load origin   length   init length attrs members
----------  ----------- ---------- ----------- ----- -------
00000000    00000000    00009e00   00009e00    r-x
  00000000    00000000    0000003c   0000003c    r-- .resetVecs
  00000040    00000040    00007986   00007986    r-x .text
  000079c8    000079c8    00002126   00002126    r-- .const
  00009af0    00009af0    00000310   00000310    r-- .cinit
20000360    20000360    00030000   00000000    r--
  20000360    20000360    00030000   00000000    r-- .priheap
20030400    20030400    000011dc   00000000    rw-
  20030400    20030400    00000b80   00000000    rw- .bss
  20030f80    20030f80    0000065c   00000000    rw- .data
2003fc00    2003fc00    00000400   00000000    rw-
  2003fc00    2003fc00    00000400   00000000    rw- .stack


SECTION ALLOCATION MAP

 output                                  attributes/
section   page    origin      length       input sections
--------  ----  ----------  ----------   ----------------
.text      0    00000040    00007986     
                  00000040    0000039c     sysbios.aem4f : BIOS.obj (.text:ti_sysbios_heaps_HeapMem_freeUnprotected__E)
                  000003dc    00000398                   : BIOS.obj (.text:ti_sysbios_knl_Task_Instance_finalize__E)
                  00000774    00000378                   : BIOS.obj (.text:ti_sysbios_knl_Semaphore_pend__E)
                  00000aec    00000354                   : BIOS.obj (.text:ti_sysbios_knl_Task_Instance_init__E)
                  00000e40    00000320                   : BIOS.obj (.text:ti_sysbios_family_arm_msp432e4_init_Boot_sysCtlClockFreqSetI__I)
                  00001160    00000310                   : BIOS.obj (.text:ti_sysbios_heaps_HeapMem_allocUnprotected__E)
                  00001470    0000021c                   : BIOS.obj (.text:ti_sysbios_knl_Task_setPri__E)
                  0000168c    00000214     drivers_msp432e4.aem4f : ADCBufMSP432E4.oem4f (.text:ADCBufMSP432E4_open)
                  000018a0    000001f4     sysbios.aem4f : BIOS.obj (.text:ti_sysbios_heaps_HeapMem_Instance_init__E)
                  00001a94    00000004     drivers_msp432e4.aem4f : ADCBufMSP432E4.oem4f (.text:ADCBufMSP432E4_getResolution)
                  00001a98    000001be     empty.obj (.text:mainThread)
                  00001c56    00000002     drivers_msp432e4.aem4f : TimerMSP432E4.oem4f (.text:TimerMSP432E4_init)
                  00001c58    000001bc                            : ADCBufMSP432E4.oem4f (.text:primeConvert)
                  00001e14    00000198     sysbios.aem4f : BIOS.obj (.text:ti_sysbios_knl_Semaphore_post__E)
                  00001fac    00000174                   : BIOS.obj (.text:ti_sysbios_family_arm_lm4_Timer_start__E)
                  00002120    00000174                   : BIOS.obj (.text:ti_sysbios_knl_Clock_workFunc__E)
                  00002294    00000174                   : BIOS.obj (.text:xdc_runtime_Core_createObject__I)
                  00002408    00000160                   : BIOS.obj (.text:ti_sysbios_family_arm_m3_Hwi_dispatchC__I)
                  00002568    0000015c                   : BIOS.obj (.text:xdc_runtime_Startup_startMods__I)
                  000026c4    00000158     drivers_msp432e4.aem4f : GPIOMSP432E4.oem4f (.text:GPIO_setConfig)
                  0000281c    00000150     sysbios.aem4f : BIOS.obj (.text:ti_sysbios_knl_Swi_run__I)
                  0000296c    00000148                   : BIOS.obj (.text:ti_sysbios_knl_Task_startCore__E)
                  00002ab4    00000144                   : BIOS.obj (.text:ti_sysbios_knl_Task_schedule__I)
                  00002bf8    00000140     drivers_msp432e4.aem4f : ADCBufMSP432E4.oem4f (.text:ADCBufMSP432E4_hwiIntFxn)
                  00002d38    00000138     sysbios.aem4f : BIOS.obj (.text:xdc_runtime_Core_constructObject__I)
                  00002e70    00000130     msp432e4_driverlib.a : gpio_MSP432E411Y.obj (.text:GPIOPadConfigSet)
                  00002fa0    0000012c     sysbios.aem4f : BIOS.obj (.text:ti_sysbios_knl_Task_exit__E)
                  000030cc    00000128                   : BIOS.obj (.text:ti_sysbios_knl_Task_postInit__I)
                  000031f4    0000011c     drivers_msp432e4.aem4f : ADCBufMSP432E4.oem4f (.text:ADCBufMSP423E4_noDMAhwiIntFxn)
                  00003310    00000118                            : TimerMSP432E4.oem4f (.text:TimerMSP432E4_open)
                  00003428    00000114     sysbios.aem4f : BIOS.obj (.text:pthread_create)
                  0000353c    00000108                   : BIOS.obj (.text:ti_sysbios_knl_Task_unblockI__E)
                  00003644    000000f8     drivers_msp432e4.aem4f : ADCBufMSP432E4.oem4f (.text:ADCBufMSP432E4_close)
                  0000373c    000000f4     sysbios.aem4f : BIOS.obj (.text:ti_sysbios_knl_Semaphore_Instance_init__E)
                  00003830    000000f4                   : BIOS.obj (.text:ti_sysbios_knl_Task_checkStacks__E)
                  00003924    000000f0                   : m3_Hwi_asm.obj (.text:ti_sysbios_family_arm_m3_Hwi_dispatch__I)
                  00003a14    000000f0                   : BIOS.obj (.text:ti_sysbios_gates_GateMutex_enter__E)
                  00003b04    000000ec                   : BIOS.obj (.text:ti_sysbios_family_arm_lm4_Timer_enableTiva__I)
                  00003bf0    000000d0                   : BIOS.obj (.text:ti_sysbios_knl_Swi_post__E)
                  00003cc0    000000c4     drivers_msp432e4.aem4f : ADCBufMSP432E4.oem4f (.text:configDMA)
                  00003d84    000000c4     sysbios.aem4f : BIOS.obj (.text:ti_sysbios_family_arm_m3_Hwi_Instance_init__E)
                  00003e48    000000c4                   : BIOS.obj (.text:ti_sysbios_family_arm_m3_Hwi_initNVIC__E)
                  00003f0c    000000c4                   : BIOS.obj (.text:ti_sysbios_knl_Task_Module_startup__E)
                  00003fd0    000000c4                   : BIOS.obj (.text:ti_sysbios_knl_Task_blockI__E)
                  00004094    000000b8                   : BIOS.obj (.text:_pthread_removeThreadKeys)
                  0000414c    000000ac     drivers_msp432e4.aem4f : GPIOMSP432E4.oem4f (.text:GPIO_init)
                  000041f8    000000a0     auto_init.aem4f : auto_init.oem4f (.text)
                  00004298    000000a0     sysbios.aem4f : BIOS.obj (.text:ti_sysbios_heaps_HeapMem_initPrimary__I)
                  00004338    0000009c     drivers_msp432e4.aem4f : ADCBufMSP432E4.oem4f (.text:initHw)
                  000043d4    0000009c     rtsv7M4_T_le_v4SPD16_eabi.lib : memcpy_t2.asm.obj (.text)
                  00004470    0000009c     sysbios.aem4f : BIOS.obj (.text:ti_sysbios_knl_Swi_restoreHwi__E)
                  0000450c    00000098     drivers_msp432e4.aem4f : ADCBufMSP432E4.oem4f (.text:ADCBufMSP432E4_convertCancel)
                  000045a4    00000096     rtsv7M4_T_le_v4SPD16_eabi.lib : ull_div_t2.asm.obj (.text)
                  0000463a    00000006     drivers_msp432e4.aem4f : ADCBufMSP432E4.oem4f (.text:ADCBufMSP432E4_adjustRawValues)
                  00004640    00000092     empty.obj (.text:convertAdjustedDifferential)
                  000046d2    00000002     rtsv7M4_T_le_v4SPD16_eabi.lib : _lock.c.obj (.text:_nop)
                  000046d4    00000090     sysbios.aem4f : BIOS.obj (.text:_SysCtlFrequencyGet$17)
                  00004764    0000008c                   : m3_TaskSupport_asm.obj (.text:ti_sysbios_family_arm_m3_TaskSupport_buildTaskStack)
                  000047f0    00000088                   : BIOS.obj (.text:_pthread_runStub)
                  00004878    00000088                   : BIOS.obj (.text:xdc_runtime_Core_assignParams__I)
                  00004900    00000084     msp432e4_driverlib.a : adc_MSP432E411Y.obj (.text:ADCSequenceStepConfigure)
                  00004984    00000084     sysbios.aem4f : BIOS.obj (.text:ti_sysbios_family_arm_m3_Hwi_postInit__I)
                  00004a08    00000082     main_tirtos.obj (.text:main)
                  00004a8a    0000007e     sysbios.aem4f : BIOS.obj (.text:xdc_runtime_Core_deleteObject__I)
                  00004b08    0000007c                   : BIOS.obj (.text:xdc_runtime_Memory_alloc__E)
                  00004b84    0000007a     rtsv7M4_T_le_v4SPD16_eabi.lib : memset_t2.asm.obj (.text)
                  00004bfe    00000002                                   : div0.asm.obj (.text)
                  00004c00    00000074     sysbios.aem4f : BIOS.obj (.text:ti_sysbios_family_arm_m3_Hwi_getStackInfo__E)
                  00004c74    00000074                   : BIOS.obj (.text:xdc_runtime_Startup_exec__E)
                  00004ce8    00000072     drivers_msp432e4.aem4f : TimerMSP432E4.oem4f (.text:TimerMSP432E4_start)
                  00004d5a    00000002     sysbios.aem4f : BIOS.obj (.text:ti_sysbios_BIOS_linkedWithIncorrectBootLibrary__E)
                  00004d5c    00000070                   : BIOS.obj (.text:ti_sysbios_family_arm_m3_Hwi_disableInterrupt__E)
                  00004dcc    00000070                   : BIOS.obj (.text:ti_sysbios_heaps_HeapMem_getStats__E)
                  00004e3c    00000070                   : BIOS.obj (.text:ti_sysbios_knl_Clock_logTick__E)
                  00004eac    00000070                   : BIOS.obj (.text:ti_sysbios_knl_Mailbox_Module_startup__E)
                  00004f1c    00000070                   : BIOS.obj (.text:ti_sysbios_knl_Swi_Module_startup__E)
                  00004f8c    00000070                   : BIOS.obj (.text:ti_sysbios_knl_Swi_schedule__I)
                  00004ffc    0000006c     drivers_msp432e4.aem4f : PowerMSP432E4.oem4f (.text:Power_releaseDependency)
                  00005068    0000006c     sysbios.aem4f : BIOS.obj (.text:ti_sysbios_family_arm_m3_Hwi_enableInterrupt__E)
                  000050d4    0000006c                   : BIOS.obj (.text:ti_sysbios_knl_Swi_runLoop__I)
                  00005140    0000006a                   : BIOS.obj (.text:ti_sysbios_family_arm_m3_TaskSupport_start__E)
                  000051aa    00000002     release_pem4f.oem4f (.text:ti_sysbios_BIOS_nullFunc__I)
                  000051ac    00000068     drivers_msp432e4.aem4f : GPIOMSP432E4.oem4f (.text:GPIO_hwiIntFxn)
                  00005214    00000068                            : PowerMSP432E4.oem4f (.text:Power_setDependency)
                  0000527c    00000068     rtsv7M4_T_le_v4SPD16_eabi.lib : copy_decompress_lzss.c.obj (.text:decompress:lzss:__TI_decompress_lzss)
                  000052e4    00000068     sysbios.aem4f : BIOS.obj (.text:xdc_runtime_Assert_raise__I)
                  0000534c    00000064     drivers_msp432e4.aem4f : PowerMSP432E4.oem4f (.text:Power_init)
                  000053b0    00000064                            : TimerMSP432E4.oem4f (.text:TimerMSP432E4_allocateTimerResource)
                  00005414    00000060     sysbios.aem4f : BIOS.obj (.text:ti_sysbios_family_arm_lm4_Timer_isrStub__E)
                  00005474    00000060                   : BIOS.obj (.text:ti_sysbios_family_arm_m3_Hwi_Module_startup__E)
                  000054d4    00000060                   : BIOS.obj (.text:ti_sysbios_heaps_HeapMem_alloc__E)
                  00005534    0000005c     drivers_msp432e4.aem4f : ADCBufMSP432E4.oem4f (.text:ADCBufMSP432E4_init)
                  00005590    0000005c                            : TimerMSP432E4.oem4f (.text:getPowerMgrId)
                  000055ec    0000005c     sysbios.aem4f : BIOS.obj (.text:ti_sysbios_family_arm_m3_Hwi_Instance_finalize__E)
                  00005648    0000005c                   : BIOS.obj (.text:ti_sysbios_knl_Task_allBlockedFunction__I)
                  000056a4    00000058     msp432e4_driverlib.a : gpio_MSP432E411Y.obj (.text:GPIOIntTypeSet)
                  000056fc    00000058     boot.aem4f : boot.oem4f (.text)
                  00005754    00000058     sysbios.aem4f : BIOS.obj (.text:ti_sysbios_family_arm_lm4_Timer_Module_startup__E)
                  000057ac    00000058                   : BIOS.obj (.text:ti_sysbios_family_arm_lm4_Timer_startup__E)
                  00005804    00000058                   : m3_Hwi_asm_switch.obj (.text:ti_sysbios_family_arm_m3_Hwi_initStacks__E)
                  0000585c    00000058                   : BIOS.obj (.text:ti_sysbios_knl_Mailbox_postInit__I)
                  000058b4    00000058                   : BIOS.obj (.text:xdc_runtime_Core_assignLabel__I)
                  0000590c    00000056     drivers_msp432e4.aem4f : ADCBufMSP432E4.oem4f (.text:completeConversion)
                  00005962    00000002     sysbios.aem4f : BIOS.obj (.text:xdc_runtime_System_abortSpin__E)
                  00005964    00000054     release_pem4f.oem4f (.text:ti_sysbios_family_arm_m3_Hwi_create)
                  000059b8    00000050     drivers_msp432e4.aem4f : GPIOMSP432E4.oem4f (.text:GPIO_setCallback)
                  00005a08    00000050                            : ADCBufMSP432E4.oem4f (.text:getPowerResourceId)
                  00005a58    00000050     sysbios.aem4f : BIOS.obj (.text:ti_sysbios_family_arm_lm4_Timer_enableTimers__I)
                  00005aa8    00000050                   : BIOS.obj (.text:ti_sysbios_family_arm_lm4_Timer_initDevice__I)
                  00005af8    00000050     release_pem4f.oem4f (.text:ti_sysbios_knl_Task_create)
                  00005b48    00000050     empty.obj (.text:timerCallback)
                  00005b98    00000050     sysbios.aem4f : BIOS.obj (.text:xdc_runtime_System_atexit__E)
                  00005be8    0000004e     drivers_msp432e4.aem4f : TimerMSP432E4.oem4f (.text:initHw)
                  00005c36    00000002     --HOLE-- [fill = 0]
                  00005c38    0000004c     rtsv7M4_T_le_v4SPD16_eabi.lib : cpy_tbl.c.obj (.text:copy_in)
                  00005c84    0000004a     drivers_msp432e4.aem4f : ADCBufMSP432E4.oem4f (.text:ADCBufMSP432E4_convert)
                  00005cce    0000004a                            : TimerMSP432E4.oem4f (.text:TimerMSP432E4_stop)
                  00005d18    0000004a     sysbios.aem4f : BIOS.obj (.text:ti_sysbios_family_arm_lm4_Timer_write__I)
                  00005d62    0000004a                   : BIOS.obj (.text:ti_sysbios_knl_Task_deleteTerminatedTasksFunc__I)
                  00005dac    00000048     drivers_msp432e4.aem4f : TimerMSP432E4.oem4f (.text:TimerMSP432E4_freeTimerResource)
                  00005df4    00000046                            : TimerMSP432E4.oem4f (.text:getPrescaler)
                  00005e3a    00000002     --HOLE-- [fill = 0]
                  00005e3c    00000044                            : ADCBuf.oem4f (.text:ADCBuf_init)
                  00005e80    00000044                            : Timer.oem4f (.text:Timer_init)
                  00005ec4    00000044                            : UDMAMSP432E4.oem4f (.text:UDMAMSP432E4_open)
                  00005f08    00000044     sysbios.aem4f : BIOS.obj (.text:_SysCtlMemTimingGet$17)
                  00005f4c    00000004     msp432e4_driverlib.a : adc_MSP432E411Y.obj (.text:ADCIntClearEx)
                  00005f50    00000044     empty.obj (.text:chopper_timer_callback)
                  00005f94    00000044     sysbios.aem4f : BIOS.obj (.text:ti_sysbios_hal_Hwi_checkStack)
                  00005fd8    00000044                   : BIOS.obj (.text:xdc_runtime_Text_cordText__E)
                  0000601c    00000040     dpl_msp432e4.aem4f : HwiP_tirtos.oem4f (.text:HwiP_create)
                  0000605c    00000040     msp432e4_driverlib.a : timer_MSP432E411Y.obj (.text:TimerControlTrigger)
                  0000609c    00000040     drivers_msp432e4.aem4f : UDMAMSP432E4.oem4f (.text:UDMAMSP432E4_init)
                  000060dc    00000040     sysbios.aem4f : BIOS.obj (.text:ti_sysbios_knl_Swi_restore__E)
                  0000611c    0000003e                   : BIOS.obj (.text:ti_sysbios_knl_Clock_addI__E)
                  0000615a    0000003e                   : BIOS.obj (.text:ti_sysbios_knl_Semaphore_pendTimeout__I)
                  00006198    0000003c     drivers_msp432e4.aem4f : ADCBuf.oem4f (.text:ADCBuf_open)
                  000061d4    0000003c     dpl_msp432e4.aem4f : SemaphoreP_tirtos.oem4f (.text:SemaphoreP_create)
                  00006210    0000003c     msp432e4_driverlib.a : sysctl_MSP432E411Y.obj (.text:SysCtlPeripheralPresent)
                  0000624c    0000003c                          : sysctl_MSP432E411Y.obj (.text:SysCtlPeripheralReady)
                  00006288    0000003c     drivers_msp432e4.aem4f : Timer.oem4f (.text:Timer_open)
                  000062c4    0000003c     sysbios.aem4f : BIOS.obj (.text:ti_sysbios_family_arm_lm4_Timer_stop__E)
                  00006300    0000003c                   : BIOS.obj (.text:ti_sysbios_family_arm_m3_Hwi_setPriority__E)
                  0000633c    0000003c                   : BIOS.obj (.text:ti_sysbios_knl_Task_processVitalTaskFlag__I)
                  00006378    0000003c                   : BIOS.obj (.text:xdc_runtime_System_processAtExit__E)
                  000063b4    0000003a                   : BIOS.obj (.text:ti_sysbios_knl_Queue_put__E)
                  000063ee    00000002     --HOLE-- [fill = 0]
                  000063f0    00000038                   : BIOS.obj (.text:ti_sysbios_family_arm_m3_Hwi_clearInterrupt__E)
                  00006428    00000038                   : BIOS.obj (.text:xdc_runtime_Error_raiseX__E)
                  00006460    00000036     drivers_msp432e4.aem4f : TimerMSP432E4.oem4f (.text:TimerMSP432E4_hwiIntFunction)
                  00006496    00000002     --HOLE-- [fill = 0]
                  00006498    00000034     msp432e4_driverlib.a : sysctl_MSP432E411Y.obj (.text:SysCtlPeripheralDisable)
                  000064cc    00000034                          : sysctl_MSP432E411Y.obj (.text:SysCtlPeripheralEnable)
                  00006500    00000034                          : sysctl_MSP432E411Y.obj (.text:SysCtlPeripheralPowerOff)
                  00006534    00000034                          : sysctl_MSP432E411Y.obj (.text:SysCtlPeripheralPowerOn)
                  00006568    00000034                          : sysctl_MSP432E411Y.obj (.text:SysCtlPeripheralSleepDisable)
                  0000659c    00000034                          : sysctl_MSP432E411Y.obj (.text:SysCtlPeripheralSleepEnable)
                  000065d0    00000034     drivers_msp432e4.aem4f : TimerMSP432E4.oem4f (.text:TimerMSP432E4_close)
                  00006604    00000034     sysbios.aem4f : BIOS.obj (.text:ti_sysbios_family_arm_m3_Hwi_excHandler__I)
                  00006638    00000034                   : BIOS.obj (.text:ti_sysbios_heaps_HeapMem_free__E)
                  0000666c    00000034     release_pem4f.oem4f (.text:ti_sysbios_knl_Semaphore_create)
                  000066a0    00000034     sysbios.aem4f : BIOS.obj (.text:xdc_runtime_Error_policyMin__E)
                  000066d4    00000034                   : BIOS.obj (.text:xdc_runtime_Memory_valloc__E)
                  00006708    00000032     MSP_EXP432E401Y.obj (.text:MSP_EXP432E401Y_initGeneral)
                  0000673a    00000030     drivers_msp432e4.aem4f : ADCBufMSP432E4.oem4f (.text:ADCBufMSP432E4_convertAdjustedToMicroVolts)
                  0000676a    00000002     --HOLE-- [fill = 0]
                  0000676c    00000030     sysbios.aem4f : BIOS.obj (.text:_pthread_cleanupFxn)
                  0000679c    00000030     release_pem4f.oem4f (.text:ti_sysbios_BIOS_atExitFunc__I)
                  000067cc    00000030     release_pem4f.oem4f (.text:ti_sysbios_BIOS_startFunc__I)
                  000067fc    00000030     release_pem4f.oem4f (.text:ti_sysbios_gates_GateHwi_Object__create__S)
                  0000682c    00000030     release_pem4f.oem4f (.text:ti_sysbios_gates_GateMutex_Object__create__S)
                  0000685c    00000030     release_pem4f.oem4f (.text:ti_sysbios_heaps_HeapMem_Object__create__S)
                  0000688c    00000030     sysbios.aem4f : BIOS.obj (.text:ti_sysbios_knl_Idle_run__E)
                  000068bc    00000030     release_pem4f.oem4f (.text:ti_sysbios_knl_Semaphore_construct)
                  000068ec    00000030     sysbios.aem4f : BIOS.obj (.text:ti_sysbios_knl_Task_restore__E)
                  0000691c    0000002e                   : BIOS.obj (.text:ti_sysbios_hal_Hwi_initStack)
                  0000694a    0000002e                   : BIOS.obj (.text:ti_sysbios_knl_Task_getMode__E)
                  00006978    0000002c     msp432e4_driverlib.a : gpio_MSP432E411Y.obj (.text:GPIODirModeSet)
                  000069a4    0000002c     dpl_msp432e4.aem4f : SemaphoreP_tirtos.oem4f (.text:SemaphoreP_createBinary)
                  000069d0    0000002c     sysbios.aem4f : BIOS.obj (.text:_pthread_delete$45)
                  000069fc    0000002c                   : BIOS.obj (.text:ti_sysbios_family_arm_m3_Hwi_plug__E)
                  00006a28    0000002c     release_pem4f.oem4f (.text:ti_sysbios_knl_Clock_doTick__I)
                  00006a54    0000002c     release_pem4f.oem4f (.text:ti_sysbios_knl_Queue_construct)
                  00006a80    0000002a     sysbios.aem4f : BIOS.obj (.text:pthread_attr_setschedparam)
                  00006aaa    0000002a                   : BIOS.obj (.text:ti_sysbios_knl_Queue_enqueue__E)
                  00006ad4    00000004     msp432e4_driverlib.a : adc_MSP432E411Y.obj (.text:ADCPhaseDelaySet)
                  00006ad8    00000028     empty.obj (.text:adcBufCallback)
                  00006b00    00000028     sysbios.aem4f : BIOS.obj (.text:pthread_attr_init)
                  00006b28    00000028                   : BIOS.obj (.text:ti_sysbios_knl_Clock_startI__E)
                  00006b50    00000028                   : BIOS.obj (.text:xdc_runtime_Error_check__E)
                  00006b78    00000028                   : BIOS.obj (.text:xdc_runtime_Text_ropeText__E)
                  00006ba0    00000026                   : BIOS.obj (.text:_pthread_cleanup_pop)
                  00006bc6    00000026                   : BIOS.obj (.text:ti_sysbios_family_arm_lm4_Timer_postInit__I)
                  00006bec    00000026                   : m3_Hwi_asm.obj (.text:ti_sysbios_family_arm_m3_Hwi_pendSV__I)
                  00006c12    00000002     --HOLE-- [fill = 0]
                  00006c14    00000024     release_pem4f.oem4f (.text:ti_sysbios_BIOS_registerRTSLock__I)
                  00006c38    00000024     release_pem4f.oem4f (.text:ti_sysbios_BIOS_removeRTSLock__I)
                  00006c5c    00000024     sysbios.aem4f : BIOS.obj (.text:ti_sysbios_BIOS_setThreadType__E)
                  00006c80    00000024                   : BIOS.obj (.text:ti_sysbios_gates_GateMutex_Instance_init__E)
                  00006ca4    00000024     release_pem4f.oem4f (.text:ti_sysbios_gates_GateMutex_Object__delete__S)
                  00006cc8    00000024     sysbios.aem4f : BIOS.obj (.text:ti_sysbios_heaps_HeapMem_restore__E)
                  00006cec    00000024                   : BIOS.obj (.text:ti_sysbios_knl_Clock_Module_startup__E)
                  00006d10    00000024                   : BIOS.obj (.text:ti_sysbios_knl_Queue_dequeue__E)
                  00006d34    00000024     release_pem4f.oem4f (.text:ti_sysbios_knl_Semaphore_Object__delete__S)
                  00006d58    00000024     sysbios.aem4f : BIOS.obj (.text:ti_sysbios_knl_Task_restoreHwi__E)
                  00006d7c    00000024                   : BIOS.obj (.text:xdc_runtime_Memory_free__E)
                  00006da0    00000022                   : BIOS.obj (.text:pthread_attr_setdetachstate)
                  00006dc2    00000022                   : BIOS.obj (.text:xdc_runtime_Memory_calloc__E)
                  00006de4    00000020     msp432e4_driverlib.a : sysctl_MSP432E411Y.obj (.text:SysCtlPeripheralClockGating)
                  00006e04    00000020     drivers_msp432e4.aem4f : GPIOMSP432E4.oem4f (.text:getGpioIntIndex)
                  00006e24    00000020     release_pem4f.oem4f (.text:ti_sysbios_BIOS_rtsLock__I)
                  00006e44    00000020     release_pem4f.oem4f (.text:ti_sysbios_family_arm_m3_Hwi_Object__delete__S)
                  00006e64    00000020     sysbios.aem4f : m3_Hwi_asm.obj (.text:ti_sysbios_family_arm_m3_Hwi_excHandlerAsm__I)
                  00006e84    00000020     release_pem4f.oem4f (.text:ti_sysbios_gates_GateHwi_Object__delete__S)
                  00006ea4    00000020     sysbios.aem4f : BIOS.obj (.text:ti_sysbios_gates_GateMutex_leave__E)
                  00006ec4    00000020     release_pem4f.oem4f (.text:ti_sysbios_heaps_HeapMem_Object__delete__S)
                  00006ee4    00000020     release_pem4f.oem4f (.text:ti_sysbios_knl_Semaphore_destruct)
                  00006f04    00000020     release_pem4f.oem4f (.text:ti_sysbios_knl_Task_Object__delete__S)
                  00006f24    00000020     sysbios.aem4f : BIOS.obj (.text:ti_sysbios_knl_Task_disable__E)
                  00006f44    00000020                   : BIOS.obj (.text:ti_sysbios_knl_Task_enter__I)
                  00006f64    00000020                   : BIOS.obj (.text:ti_sysbios_knl_Task_unblock__E)
                  00006f84    00000020                   : BIOS.obj (.text:xdc_runtime_Error_init__E)
                  00006fa4    0000001e                   : m3_Hwi_asm_switch.obj (.text:ti_sysbios_family_xxx_Hwi_switchAndRunFunc)
                  00006fc2    0000001e                   : BIOS.obj (.text:ti_sysbios_knl_Queue_remove__E)
                  00006fe0    0000001c                   : BIOS.obj (.text:ti_sysbios_BIOS_getCpuFreq__E)
                  00006ffc    0000001c     release_pem4f.oem4f (.text:ti_sysbios_knl_Queue_destruct)
                  00007018    0000001c     sysbios.aem4f : BIOS.obj (.text:ti_sysbios_knl_Swi_disable__E)
                  00007034    0000001c                   : BIOS.obj (.text:ti_sysbios_knl_Task_enabled__E)
                  00007050    0000001c                   : BIOS.obj (.text:xdc_runtime_System_abort__E)
                  0000706c    0000001c                   : BIOS.obj (.text:xdc_runtime_System_exit__E)
                  00007088    0000001a     MSP_EXP432E401Y.obj (.text:dmaErrorFxn)
                  000070a2    0000001a     sysbios.aem4f : BIOS.obj (.text:ti_sysbios_family_arm_m3_TaskSupport_checkStack__E)
                  000070bc    0000001a                   : BIOS.obj (.text:ti_sysbios_knl_Semaphore_Instance_finalize__E)
                  000070d6    00000018     msp432e4_driverlib.a : gpio_MSP432E411Y.obj (.text:GPIOPinTypeGPIOOutput)
                  000070ee    00000002     --HOLE-- [fill = 0]
                  000070f0    00000018     drivers_msp432e4.aem4f : PowerMSP432E4.oem4f (.text:Power_idleFunc)
                  00007108    00000018     msp432e4_driverlib.a : timer_MSP432E411Y.obj (.text:TimerControlStall)
                  00007120    00000018                          : timer_MSP432E411Y.obj (.text:TimerDisable)
                  00007138    00000018     drivers_msp432e4.aem4f : TimerMSP432E4.oem4f (.text:TimerMSP432E4_getCount)
                  00007150    00000018     rtsv7M4_T_le_v4SPD16_eabi.lib : args_main.c.obj (.text:_args_main)
                  00007168    00000018     release_pem4f.oem4f (.text:ti_sysbios_BIOS_rtsUnlock__I)
                  00007180    00000018     release_pem4f.oem4f (.text:ti_sysbios_family_arm_lm4_Timer_Module__startupDone__F)
                  00007198    00000018     release_pem4f.oem4f (.text:ti_sysbios_family_arm_m3_Hwi_Module__startupDone__F)
                  000071b0    00000018     sysbios.aem4f : BIOS.obj (.text:ti_sysbios_family_arm_m3_Hwi_switchFromBootStack__E)
                  000071c8    00000018                   : m3_TaskSupport_asm.obj (.text:ti_sysbios_family_arm_m3_TaskSupport_swap__E)
                  000071e0    00000018     release_pem4f.oem4f (.text:ti_sysbios_gates_GateHwi_Handle__label__S)
                  000071f8    00000018     release_pem4f.oem4f (.text:ti_sysbios_gates_GateMutex_Handle__label__S)
                  00007210    00000018     sysbios.aem4f : BIOS.obj (.text:ti_sysbios_gates_GateMutex_Instance_State_sem$22)
                  00007228    00000018                   : BIOS.obj (.text:ti_sysbios_gates_GateMutex_Instance_finalize__E)
                  00007240    00000018     release_pem4f.oem4f (.text:ti_sysbios_heaps_HeapMem_Handle__label__S)
                  00007258    00000018     sysbios.aem4f : BIOS.obj (.text:ti_sysbios_knl_Mailbox_Instance_State_freeQue$5)
                  00007270    00000018                   : BIOS.obj (.text:ti_sysbios_knl_Queue_empty__E)
                  00007288    00000018                   : BIOS.obj (.text:ti_sysbios_knl_Semaphore_Instance_State_pendQ$7)
                  000072a0    00000016     msp432e4_driverlib.a : gpio_MSP432E411Y.obj (.text:GPIOPinTypeADC)
                  000072b6    00000016     release_pem4f.oem4f (.text:ti_sysbios_BIOS_exitFunc__I)
                  000072cc    00000016     sysbios.aem4f : BIOS.obj (.text:ti_sysbios_family_arm_lm4_Timer_getMaxTicks__E)
                  000072e2    00000016                   : BIOS.obj (.text:ti_sysbios_knl_Queue_Instance_init__E)
                  000072f8    00000016                   : BIOS.obj (.text:ti_sysbios_knl_Semaphore_Params_init$45)
                  0000730e    00000016                   : BIOS.obj (.text:ti_sysbios_knl_Task_Params_init$45)
                  00007324    00000014     drivers_msp432e4.aem4f : ADCBuf.oem4f (.text:ADCBuf_Params_init)
                  00007338    00000014     sysbios.aem4f : BIOS.obj (.text:pthread_attr_setstacksize)
                  0000734c    00000014                   : BIOS.obj (.text:ti_sysbios_BIOS_exit__E)
                  00007360    00000014                   : BIOS.obj (.text:ti_sysbios_family_arm_lm4_Timer_setPeriod__E)
                  00007374    00000014     release_pem4f.oem4f (.text:ti_sysbios_family_arm_m3_Hwi_Object__get__S)
                  00007388    00000014     sysbios.aem4f : BIOS.obj (.text:ti_sysbios_gates_GateHwi_enter__E)
                  0000739c    00000014                   : BIOS.obj (.text:ti_sysbios_hal_Hwi_Module_startup__E)
                  000073b0    00000014                   : BIOS.obj (.text:ti_sysbios_hal_Hwi_getStackInfo__E)
                  000073c4    00000014     release_pem4f.oem4f (.text:ti_sysbios_heaps_HeapMem_Object__get__S)
                  000073d8    00000014     sysbios.aem4f : BIOS.obj (.text:ti_sysbios_knl_Clock_Module_State_clockQ$1)
                  000073ec    00000014                   : BIOS.obj (.text:ti_sysbios_knl_Queue_elemClear__E)
                  00007400    00000014     release_pem4f.oem4f (.text:ti_sysbios_knl_Swi_Object__get__S)
                  00007414    00000014     sysbios.aem4f : BIOS.obj (.text:ti_sysbios_knl_Task_Module_State_inactiveQ$9)
                  00007428    00000014                   : BIOS.obj (.text:ti_sysbios_knl_Task_Module_State_terminatedQ$9)
                  0000743c    00000014     release_pem4f.oem4f (.text:ti_sysbios_knl_Task_Object__first__S)
                  00007450    00000014     release_pem4f.oem4f (.text:ti_sysbios_knl_Task_Object__next__S)
                  00007464    00000014     sysbios.aem4f : BIOS.obj (.text:ti_sysbios_rts_ti_ReentSupport_taskRegHook__I)
                  00007478    00000014                   : BIOS.obj (.text:xdc_runtime_Gate_leaveSystem__E)
                  0000748c    00000014                   : BIOS.obj (.text:xdc_runtime_SysCallback_abort__E)
                  000074a0    00000014                   : BIOS.obj (.text:xdc_runtime_SysCallback_exit__E)
                  000074b4    00000012     dpl_msp432e4.aem4f : SemaphoreP_tirtos.oem4f (.text:SemaphoreP_pend)
                  000074c6    00000012     msp432e4_driverlib.a : timer_MSP432E411Y.obj (.text:TimerLoadSet)
                  000074d8    00000012                          : timer_MSP432E411Y.obj (.text:TimerPrescaleSet)
                  000074ea    00000012     sysbios.aem4f : BIOS.obj (.text:ti_sysbios_gates_GateHwi_leave__E)
                  000074fc    00000012     release_pem4f.oem4f (.text:xdc_runtime_Startup_exec__I)
                  0000750e    00000002     --HOLE-- [fill = 0]
                  00007510    00000010     release_pem4f.oem4f (.text:.bootCodeSection:ti_sysbios_family_arm_msp432e4_init_Boot_init__I)
                  00007520    00000010     dpl_msp432e4.aem4f : HwiP_tirtos.oem4f (.text:HwiP_Params_init)
                  00007530    00000010                        : PowerMSP432E4_tirtos.oem4f (.text:PowerMSP432E4_sleepPolicy)
                  00007540    00000010     drivers_msp432e4.aem4f : Timer.oem4f (.text:Timer_Params_init)
                  00007550    00000010     sysbios.aem4f : BIOS.obj (.text:ti_sysbios_BIOS_getThreadType__E)
                  00007560    00000010                   : BIOS.obj (.text:ti_sysbios_BIOS_start__E)
                  00007570    00000010                   : BIOS.obj (.text:ti_sysbios_family_arm_m3_Hwi_Object_get$18)
                  00007580    00000010                   : BIOS.obj (.text:ti_sysbios_family_arm_m3_Hwi_doSwiRestore__I)
                  00007590    00000010                   : BIOS.obj (.text:ti_sysbios_family_arm_m3_Hwi_restoreFxn__E)
                  000075a0    00000010                   : m3_TaskSupport_asm.obj (.text:ti_sysbios_family_arm_m3_TaskSupport_glue)
                  000075b0    00000010                   : BIOS.obj (.text:ti_sysbios_family_arm_msp432e4_init_Boot_sysCtlClockFreqSet__E)
                  000075c0    00000010                   : BIOS.obj (.text:ti_sysbios_heaps_HeapMem_Object_get$20)
                  000075d0    00000010                   : BIOS.obj (.text:ti_sysbios_knl_Clock_stop__E)
                  000075e0    00000010     release_pem4f.oem4f (.text:ti_sysbios_knl_Mailbox_Object__get__S)
                  000075f0    00000010     sysbios.aem4f : BIOS.obj (.text:ti_sysbios_knl_Mailbox_Object_get$5)
                  00007600    00000010                   : BIOS.obj (.text:ti_sysbios_knl_Queue_Object_get$9)
                  00007610    00000010                   : BIOS.obj (.text:ti_sysbios_knl_Queue_insert__E)
                  00007620    00000010                   : BIOS.obj (.text:ti_sysbios_knl_Swi_Object_get$8)
                  00007630    00000010                   : BIOS.obj (.text:ti_sysbios_knl_Swi_enabled__E)
                  00007640    00000010     release_pem4f.oem4f (.text:ti_sysbios_knl_Task_Object__get__S)
                  00007650    00000010     sysbios.aem4f : BIOS.obj (.text:ti_sysbios_knl_Task_Object_get$9)
                  00007660    00000010     msp432e4_driverlib.a : udma_MSP432E411Y.obj (.text:uDMAEnable)
                  00007670    00000010     sysbios.aem4f : BIOS.obj (.text:xdc_runtime_Gate_enterSystem__E)
                  00007680    0000000e     msp432e4_driverlib.a : adc_MSP432E411Y.obj (.text:ADCSequenceDisable)
                  0000768e    0000000e                          : gpio_MSP432E411Y.obj (.text:GPIOIntStatus)
                  0000769c    0000000e                          : timer_MSP432E411Y.obj (.text:TimerEnable)
                  000076aa    0000000e     rtsv7M4_T_le_v4SPD16_eabi.lib : copy_decompress_none.c.obj (.text:decompress:none:__TI_decompress_none)
                  000076b8    0000000e     sysbios.aem4f : BIOS.obj (.text:ti_sysbios_family_arm_m3_Hwi_doTaskRestore__I)
                  000076c6    0000000e                   : BIOS.obj (.text:ti_sysbios_knl_Queue_head__E)
                  000076d4    0000000e                   : BIOS.obj (.text:ti_sysbios_knl_Queue_next__E)
                  000076e2    0000000e                   : BIOS.obj (.text:ti_sysbios_knl_Swi_postInit__I)
                  000076f0    0000000e                   : BIOS.obj (.text:ti_sysbios_knl_Task_getEnv__E)
                  000076fe    0000000e                   : BIOS.obj (.text:xdc_runtime_System_Module_startup__E)
                  0000770c    0000000c     msp432e4_driverlib.a : adc_MSP432E411Y.obj (.text:ADCReferenceSet)
                  00007718    0000000c     dpl_msp432e4.aem4f : HwiP_tirtos.oem4f (.text:HwiP_delete)
                  00007724    0000000c                        : SemaphoreP_tirtos.oem4f (.text:SemaphoreP_delete)
                  00007730    0000000c     rtsv7M4_T_le_v4SPD16_eabi.lib : _lock.c.obj (.text:_register_lock)
                  0000773c    0000000c                                   : _lock.c.obj (.text:_register_unlock)
                  00007748    0000000c                                   : copy_zero_init.c.obj (.text:decompress:ZI:__TI_zero_init)
                  00007754    0000000c     release_pem4f.oem4f (.text:ti_sysbios_family_arm_m3_Hwi_Params__init__S)
                  00007760    0000000c     sysbios.aem4f : BIOS.obj (.text:ti_sysbios_family_arm_m3_Hwi_disableFxn__E)
                  0000776c    0000000c                   : BIOS.obj (.text:ti_sysbios_family_arm_m3_TaskSupport_getStackAlignment__E)
                  00007778    0000000c                   : BIOS.obj (.text:ti_sysbios_gates_GateHwi_Instance_init__E)
                  00007784    0000000c                   : BIOS.obj (.text:ti_sysbios_gates_GateHwi_query__E)
                  00007790    0000000c                   : BIOS.obj (.text:ti_sysbios_gates_GateMutex_query__E)
                  0000779c    0000000c                   : BIOS.obj (.text:ti_sysbios_heaps_HeapMem_isBlocking__E)
                  000077a8    0000000c                   : BIOS.obj (.text:ti_sysbios_knl_Clock_handle$7)
                  000077b4    0000000c                   : BIOS.obj (.text:ti_sysbios_knl_Clock_removeI__E)
                  000077c0    0000000c                   : BIOS.obj (.text:ti_sysbios_knl_Idle_loop__E)
                  000077cc    0000000c     release_pem4f.oem4f (.text:ti_sysbios_knl_Queue_Object__get__S)
                  000077d8    0000000c     sysbios.aem4f : BIOS.obj (.text:ti_sysbios_knl_Queue_handle$48)
                  000077e4    0000000c                   : BIOS.obj (.text:ti_sysbios_knl_Queue_struct$7)
                  000077f0    0000000c     release_pem4f.oem4f (.text:ti_sysbios_knl_Semaphore_Params__init__S)
                  000077fc    0000000c     sysbios.aem4f : BIOS.obj (.text:ti_sysbios_knl_Semaphore_handle$45)
                  00007808    0000000c                   : BIOS.obj (.text:ti_sysbios_knl_Semaphore_handle$48)
                  00007814    0000000c                   : BIOS.obj (.text:ti_sysbios_knl_Semaphore_struct$22)
                  00007820    0000000c                   : BIOS.obj (.text:ti_sysbios_knl_Task_Object_next$9)
                  0000782c    0000000c     release_pem4f.oem4f (.text:ti_sysbios_knl_Task_Params__init__S)
                  00007838    0000000c     sysbios.aem4f : BIOS.obj (.text:ti_sysbios_knl_Task_handle$9)
                  00007844    0000000c                   : BIOS.obj (.text:ti_sysbios_knl_Task_self__E)
                  00007850    0000000c     msp432e4_driverlib.a : udma_MSP432E411Y.obj (.text:uDMAControlBaseSet)
                  0000785c    0000000c                          : udma_MSP432E411Y.obj (.text:uDMAErrorStatusClear)
                  00007868    0000000c                          : udma_MSP432E411Y.obj (.text:uDMAErrorStatusGet)
                  00007874    0000000c     sysbios.aem4f : BIOS.obj (.text:xdc_runtime_Memory_getMaxDefaultTypeAlign__E)
                  00007880    0000000c                   : BIOS.obj (.text:xdc_runtime_Startup_rtsDone__E)
                  0000788c    0000000c                   : BIOS.obj (.text:xdc_uargToPtr$20)
                  00007898    0000000c                   : BIOS.obj (.text:xdc_uargToPtr$45)
                  000078a4    0000000c                   : BIOS.obj (.text:xdc_uargToPtr$7)
                  000078b0    0000000c                   : BIOS.obj (.text:xdc_uargToPtr$9)
                  000078bc    00000004     dpl_msp432e4.aem4f : ClockP_tirtos.oem4f (.text:ClockP_getCpuFreq)
                  000078c0    0000000a     main_tirtos.obj (.text:NDK_hookInit)
                  000078ca    0000000a     msp432e4_driverlib.a : timer_MSP432E411Y.obj (.text:TimerIntDisable)
                  000078d4    0000000a     drivers_msp432e4.aem4f : Timer.oem4f (.text:Timer_start)
                  000078de    0000000a     sysbios.aem4f : BIOS.obj (.text:ti_sysbios_knl_Swi_startup__E)
                  000078e8    0000000a                   : BIOS.obj (.text:ti_sysbios_knl_Task_startup__E)
                  000078f2    0000000a     release_pem4f.oem4f (.text:xdc_runtime_IHeap_alloc)
                  000078fc    0000000a     release_pem4f.oem4f (.text:xdc_runtime_IHeap_free)
                  00007906    0000000a     sysbios.aem4f : BIOS.obj (.text:xdc_runtime_SysCallback_defaultExit)
                  00007910    00000008     msp432e4_driverlib.a : adc_MSP432E411Y.obj (.text:ADCBusy)
                  00007918    00000008     dpl_msp432e4.aem4f : SemaphoreP_tirtos.oem4f (.text:SemaphoreP_Params_init)
                  00007920    00000008     msp432e4_driverlib.a : timer_MSP432E411Y.obj (.text:TimerIntEnable)
                  00007928    00000008     drivers_msp432e4.aem4f : ADCBufMSP432E4.oem4f (.text:blockingConvertCallback)
                  00007930    00000008     sysbios.aem4f : BIOS.obj (.text:ti_sysbios_family_arm_lm4_Timer_masterDisable__I)
                  00007938    00000008                   : BIOS.obj (.text:ti_sysbios_family_arm_m3_Hwi_startup__E)
                  00007940    00000008                   : BIOS.obj (.text:ti_sysbios_hal_Hwi_startup__E)
                  00007948    00000008                   : BIOS.obj (.text:ti_sysbios_hal_Hwi_switchFromBootStack__E)
                  00007950    00000008                   : BIOS.obj (.text:ti_sysbios_knl_Task_Object_first$9)
                  00007958    00000008                   : BIOS.obj (.text:xdc_runtime_SysCallback_defaultAbort)
                  00007960    00000008                   : BIOS.obj (.text:xdc_runtime_System_exitSpin__E)
                  00007968    00000006     drivers_msp432e4.aem4f : ADCBufMSP432E4.oem4f (.text:ADCBufMSP432E4_control)
                  0000796e    00000006     msp432e4_driverlib.a : gpio_MSP432E411Y.obj (.text:GPIOIntClear)
                  00007974    00000006                          : gpio_MSP432E411Y.obj (.text:GPIOPinWrite)
                  0000797a    00000006     drivers_msp432e4.aem4f : TimerMSP432E4.oem4f (.text:TimerMSP432E4_control)
                  00007980    00000006                            : UDMAMSP432E4.oem4f (.text:UDMAMSP432E4_close)
                  00007986    00000004     dpl_msp432e4.aem4f : HwiP_tirtos.oem4f (.text:HwiP_clearInterrupt)
                  0000798a    00000004                        : HwiP_tirtos.oem4f (.text:HwiP_disable)
                  0000798e    00000004                        : SemaphoreP_tirtos.oem4f (.text:SemaphoreP_post)
                  00007992    00000004     msp432e4_driverlib.a : timer_MSP432E411Y.obj (.text:TimerIntClear)
                  00007996    00000004     release_pem4f.oem4f (.text:ti_sysbios_BIOS_RtsGateProxy_enter__E)
                  0000799a    00000004     release_pem4f.oem4f (.text:ti_sysbios_BIOS_RtsGateProxy_leave__E)
                  0000799e    00000004     sysbios.aem4f : BIOS.obj (.text:ti_sysbios_family_arm_lm4_Timer_masterEnable__I)
                  000079a2    00000004     release_pem4f.oem4f (.text:ti_sysbios_family_arm_m3_Hwi_delete)
                  000079a6    00000004     release_pem4f.oem4f (.text:ti_sysbios_family_arm_m3_TaskSupport_Module__startupDone__S)
                  000079aa    00000004     release_pem4f.oem4f (.text:ti_sysbios_heaps_HeapMem_Module_GateProxy_enter__E)
                  000079ae    00000004     release_pem4f.oem4f (.text:ti_sysbios_heaps_HeapMem_Module_GateProxy_leave__E)
                  000079b2    00000004     release_pem4f.oem4f (.text:ti_sysbios_knl_Clock_TimerProxy_getMaxTicks__E)
                  000079b6    00000004     release_pem4f.oem4f (.text:ti_sysbios_knl_Semaphore_delete)
                  000079ba    00000004     release_pem4f.oem4f (.text:ti_sysbios_knl_Task_delete)
                  000079be    00000004     release_pem4f.oem4f (.text:xdc_runtime_System_Module_GateProxy_enter__E)
                  000079c2    00000004     release_pem4f.oem4f (.text:xdc_runtime_System_Module_GateProxy_leave__E)

.const     0    000079c8    00002126     
                  000079c8    00001803     release_pem4f.oem4f (.const:xdc_runtime_Text_charTab__A)
                  000091cb    00000001     release_pem4f.oem4f (.const:xdc_runtime_Error_policy__C)
                  000091cc    00000120     sysbios.aem4f : BIOS.obj (.const:g_pppui32XTALtoVCO$17)
                  000092ec    0000006c                   : BIOS.obj (.const:g_pui32Xtals$17)
                  00009358    00000048     release_pem4f.oem4f (.const:.string)
                  000093a0    00000048     drivers_msp432e4.aem4f : GPIOMSP432E4.oem4f (.const:gpioBaseAddresses)
                  000093e8    00000048                            : GPIOMSP432E4.oem4f (.const:powerMgrIds)
                  00009430    0000003c     release_pem4f.oem4f (.const:ti_sysbios_knl_Task_Object__PARAMS__C)
                  0000946c    00000030     sysbios.aem4f : BIOS.obj (.const:g_sXTALtoMEMTIM$17)
                  0000949c    00000030     release_pem4f.oem4f (.const:ti_sysbios_family_arm_m3_Hwi_Object__PARAMS__C)
                  000094cc    00000030     release_pem4f.oem4f (.const:ti_sysbios_knl_Task_hooks__A)
                  000094fc    00000030     MSP_EXP432E401Y.obj (.const:timerMSP432E4HWAttrs)
                  0000952c    00000028     release_pem4f.oem4f (.const:ti_sysbios_heaps_HeapMem_Module__FXNS__C)
                  00009554    00000024     drivers_msp432e4.aem4f : ADCBufMSP432E4.oem4f (.const:ADCBufMSP432E4_fxnTable)
                  00009578    00000024     MSP_EXP432E401Y.obj (.const:Timer_config)
                  0000959c    00000024     release_pem4f.oem4f (.const:ti_sysbios_gates_GateHwi_Module__FXNS__C)
                  000095c0    00000024     release_pem4f.oem4f (.const:ti_sysbios_gates_GateMutex_Module__FXNS__C)
                  000095e4    00000024     release_pem4f.oem4f (.const:ti_sysbios_heaps_HeapMem_Object__PARAMS__C)
                  00009608    00000024     release_pem4f.oem4f (.const:ti_sysbios_knl_Semaphore_Object__PARAMS__C)
                  0000962c    00000020     drivers_msp432e4.aem4f : GPIOMSP432E4.oem4f (.const:.string:gpioInterruptVectors)
                  0000964c    00000020     MSP_EXP432E401Y.obj (.const:adcbufMSP432E4HWAttrs)
                  0000966c    00000020     release_pem4f.oem4f (.const:ti_sysbios_family_arm_m3_Hwi_Object__DESC__C)
                  0000968c    00000020     release_pem4f.oem4f (.const:ti_sysbios_gates_GateHwi_Object__DESC__C)
                  000096ac    00000020     release_pem4f.oem4f (.const:ti_sysbios_gates_GateMutex_Object__DESC__C)
                  000096cc    00000020     release_pem4f.oem4f (.const:ti_sysbios_heaps_HeapMem_Object__DESC__C)
                  000096ec    00000020     release_pem4f.oem4f (.const:ti_sysbios_knl_Queue_Object__DESC__C)
                  0000970c    00000020     release_pem4f.oem4f (.const:ti_sysbios_knl_Semaphore_Object__DESC__C)
                  0000972c    00000020     release_pem4f.oem4f (.const:ti_sysbios_knl_Task_Object__DESC__C)
                  0000974c    00000020     drivers_msp432e4.aem4f : ADCBufMSP432E4.oem4f (.const:udmaChannels)
                  0000976c    00000020     release_pem4f.oem4f (.const:xdc_runtime_Startup_sfxnTab__A)
                  0000978c    0000001c     drivers_msp432e4.aem4f : TimerMSP432E4.oem4f (.const:TimerMSP432E4_fxnTable)
                  000097a8    00000018                            : ADCBuf.oem4f (.const:ADCBuf_defaultParams)
                  000097c0    00000018     release_pem4f.oem4f (.const:ti_sysbios_gates_GateHwi_Object__PARAMS__C)
                  000097d8    00000018     release_pem4f.oem4f (.const:ti_sysbios_gates_GateMutex_Object__PARAMS__C)
                  000097f0    00000018     release_pem4f.oem4f (.const:ti_sysbios_knl_Queue_Object__PARAMS__C)
                  00009808    00000014     MSP_EXP432E401Y.obj (.const:GPIOMSP432E4_config)
                  0000981c    00000010     release_pem4f.oem4f (.const:ti_sysbios_knl_Idle_funcList__A)
                  0000982c    00000010     release_pem4f.oem4f (.const:xdc_runtime_Startup_firstFxns__A)
                  0000983c    00000010     release_pem4f.oem4f (.const:xdc_runtime_Startup_sfxnRts__A)
                  0000984c    0000000c     MSP_EXP432E401Y.obj (.const:ADCBuf_config)
                  00009858    0000000c     drivers_msp432e4.aem4f : Timer.oem4f (.const:defaultParams)
                  00009864    0000000c     MSP_EXP432E401Y.obj (.const:udmaMSP432E4HWAttrs)
                  00009870    00000008     MSP_EXP432E401Y.obj (.const:PowerMSP432E4_config)
                  00009878    00000008     MSP_EXP432E401Y.obj (.const:UDMAMSP432E4_config)
                  00009880    00000008     drivers_msp432e4.aem4f : ADCBufMSP432E4.oem4f (.const:adcInterrupts)
                  00009888    00000008     sysbios.aem4f : BIOS.obj (.const:g_pui32VCOFrequencies$17)
                  00009890    00000008     release_pem4f.oem4f (.const:ti_sysbios_knl_Idle_funcList__C)
                  00009898    00000008     release_pem4f.oem4f (.const:ti_sysbios_knl_Task_hooks__C)
                  000098a0    00000008     release_pem4f.oem4f (.const:xdc_runtime_Startup_firstFxns__C)
                  000098a8    00000008     release_pem4f.oem4f (.const:xdc_runtime_Startup_lastFxns__C)
                  000098b0    00000007     drivers_msp432e4.aem4f : GPIOMSP432E4.oem4f (.const:.string:outPinStrengths)
                  000098b7    00000006                            : GPIOMSP432E4.oem4f (.const:.string:gpioInterruptTypes)
                  000098bd    00000006     MSP_EXP432E401Y.obj (.const)
                  000098c3    00000004     drivers_msp432e4.aem4f : ADCBufMSP432E4.oem4f (.const:.string:adcMaxSamples)
                  000098c7    00000004                            : GPIOMSP432E4.oem4f (.const:.string:gpioCfgOutputTypes)
                  000098cb    00000001     --HOLE-- [fill = 0]
                  000098cc    00000004     release_pem4f.oem4f (.const:ti_sysbios_family_arm_lm4_Timer_enableFunc__C)
                  000098d0    00000004     release_pem4f.oem4f (.const:ti_sysbios_family_arm_lm4_Timer_numTimerDevices__C)
                  000098d4    00000004     release_pem4f.oem4f (.const:ti_sysbios_family_arm_lm4_Timer_startupNeeded__C)
                  000098d8    00000004     release_pem4f.oem4f (.const:ti_sysbios_family_arm_m3_Hwi_E_alreadyDefined__C)
                  000098dc    00000004     release_pem4f.oem4f (.const:ti_sysbios_family_arm_m3_Hwi_LD_end__C)
                  000098e0    00000004     release_pem4f.oem4f (.const:ti_sysbios_family_arm_m3_Hwi_LM_begin__C)
                  000098e4    00000004     release_pem4f.oem4f (.const:ti_sysbios_family_arm_m3_Hwi_Module__diagsEnabled__C)
                  000098e8    00000004     release_pem4f.oem4f (.const:ti_sysbios_family_arm_m3_Hwi_Module__diagsIncluded__C)
                  000098ec    00000004     release_pem4f.oem4f (.const:ti_sysbios_family_arm_m3_Hwi_Module__diagsMask__C)
                  000098f0    00000004     release_pem4f.oem4f (.const:ti_sysbios_family_arm_m3_Hwi_Module__loggerFxn1__C)
                  000098f4    00000004     release_pem4f.oem4f (.const:ti_sysbios_family_arm_m3_Hwi_Module__loggerFxn8__C)
                  000098f8    00000004     release_pem4f.oem4f (.const:ti_sysbios_family_arm_m3_Hwi_Module__loggerObj__C)
                  000098fc    00000004     release_pem4f.oem4f (.const:ti_sysbios_family_arm_m3_Hwi_NUM_INTERRUPTS__C)
                  00009900    00000004     release_pem4f.oem4f (.const:ti_sysbios_family_arm_m3_Hwi_Object__count__C)
                  00009904    00000004     release_pem4f.oem4f (.const:ti_sysbios_family_arm_m3_Hwi_ccr__C)
                  00009908    00000004     release_pem4f.oem4f (.const:ti_sysbios_family_arm_m3_Hwi_excHandlerFunc__C)
                  0000990c    00000004     release_pem4f.oem4f (.const:ti_sysbios_family_arm_m3_Hwi_nullIsrFunc__C)
                  00009910    00000004     release_pem4f.oem4f (.const:ti_sysbios_family_arm_m3_Hwi_priGroup__C)
                  00009914    00000004     release_pem4f.oem4f (.const:ti_sysbios_family_arm_m3_TaskSupport_stackAlignment__C)
                  00009918    00000004     release_pem4f.oem4f (.const:ti_sysbios_gates_GateMutex_A_badContext__C)
                  0000991c    00000004     release_pem4f.oem4f (.const:ti_sysbios_gates_GateMutex_Instance_State_sem__O)
                  00009920    00000004     release_pem4f.oem4f (.const:ti_sysbios_gates_GateMutex_Module__diagsEnabled__C)
                  00009924    00000004     release_pem4f.oem4f (.const:ti_sysbios_gates_GateMutex_Module__diagsIncluded__C)
                  00009928    00000004     release_pem4f.oem4f (.const:ti_sysbios_gates_GateMutex_Module__diagsMask__C)
                  0000992c    00000004     release_pem4f.oem4f (.const:ti_sysbios_hal_Hwi_E_stackOverflow__C)
                  00009930    00000004     release_pem4f.oem4f (.const:ti_sysbios_heaps_HeapMem_A_align__C)
                  00009934    00000004     release_pem4f.oem4f (.const:ti_sysbios_heaps_HeapMem_A_heapSize__C)
                  00009938    00000004     release_pem4f.oem4f (.const:ti_sysbios_heaps_HeapMem_A_invalidFree__C)
                  0000993c    00000004     release_pem4f.oem4f (.const:ti_sysbios_heaps_HeapMem_A_zeroBlock__C)
                  00009940    00000004     release_pem4f.oem4f (.const:ti_sysbios_heaps_HeapMem_E_memory__C)
                  00009944    00000004     release_pem4f.oem4f (.const:ti_sysbios_heaps_HeapMem_Module__diagsEnabled__C)
                  00009948    00000004     release_pem4f.oem4f (.const:ti_sysbios_heaps_HeapMem_Module__diagsIncluded__C)
                  0000994c    00000004     release_pem4f.oem4f (.const:ti_sysbios_heaps_HeapMem_Module__diagsMask__C)
                  00009950    00000004     release_pem4f.oem4f (.const:ti_sysbios_heaps_HeapMem_Module__gateObj__C)
                  00009954    00000004     release_pem4f.oem4f (.const:ti_sysbios_heaps_HeapMem_Object__count__C)
                  00009958    00000004     release_pem4f.oem4f (.const:ti_sysbios_heaps_HeapMem_primaryHeapBaseAddr__C)
                  0000995c    00000004     release_pem4f.oem4f (.const:ti_sysbios_heaps_HeapMem_primaryHeapEndAddr__C)
                  00009960    00000004     release_pem4f.oem4f (.const:ti_sysbios_heaps_HeapMem_reqAlign__C)
                  00009964    00000004     release_pem4f.oem4f (.const:ti_sysbios_knl_Clock_LM_begin__C)
                  00009968    00000004     release_pem4f.oem4f (.const:ti_sysbios_knl_Clock_LM_tick__C)
                  0000996c    00000004     release_pem4f.oem4f (.const:ti_sysbios_knl_Clock_LW_delayed__C)
                  00009970    00000004     release_pem4f.oem4f (.const:ti_sysbios_knl_Clock_Module_State_clockQ__O)
                  00009974    00000004     release_pem4f.oem4f (.const:ti_sysbios_knl_Clock_Module__diagsEnabled__C)
                  00009978    00000004     release_pem4f.oem4f (.const:ti_sysbios_knl_Clock_Module__diagsIncluded__C)
                  0000997c    00000004     release_pem4f.oem4f (.const:ti_sysbios_knl_Clock_Module__diagsMask__C)
                  00009980    00000004     release_pem4f.oem4f (.const:ti_sysbios_knl_Clock_Module__loggerFxn1__C)
                  00009984    00000004     release_pem4f.oem4f (.const:ti_sysbios_knl_Clock_Module__loggerFxn2__C)
                  00009988    00000004     release_pem4f.oem4f (.const:ti_sysbios_knl_Clock_Module__loggerObj__C)
                  0000998c    00000004     release_pem4f.oem4f (.const:ti_sysbios_knl_Mailbox_Instance_State_freeQue__O)
                  00009990    00000004     release_pem4f.oem4f (.const:ti_sysbios_knl_Mailbox_Object__count__C)
                  00009994    00000004     release_pem4f.oem4f (.const:ti_sysbios_knl_Mailbox_maxTypeAlign__C)
                  00009998    00000004     release_pem4f.oem4f (.const:ti_sysbios_knl_Semaphore_A_badContext__C)
                  0000999c    00000004     release_pem4f.oem4f (.const:ti_sysbios_knl_Semaphore_A_noEvents__C)
                  000099a0    00000004     release_pem4f.oem4f (.const:ti_sysbios_knl_Semaphore_A_overflow__C)
                  000099a4    00000004     release_pem4f.oem4f (.const:ti_sysbios_knl_Semaphore_A_pendTaskDisabled__C)
                  000099a8    00000004     release_pem4f.oem4f (.const:ti_sysbios_knl_Semaphore_Instance_State_pendQ__O)
                  000099ac    00000004     release_pem4f.oem4f (.const:ti_sysbios_knl_Semaphore_LM_pend__C)
                  000099b0    00000004     release_pem4f.oem4f (.const:ti_sysbios_knl_Semaphore_LM_post__C)
                  000099b4    00000004     release_pem4f.oem4f (.const:ti_sysbios_knl_Semaphore_Module__diagsEnabled__C)
                  000099b8    00000004     release_pem4f.oem4f (.const:ti_sysbios_knl_Semaphore_Module__diagsIncluded__C)
                  000099bc    00000004     release_pem4f.oem4f (.const:ti_sysbios_knl_Semaphore_Module__diagsMask__C)
                  000099c0    00000004     release_pem4f.oem4f (.const:ti_sysbios_knl_Semaphore_Module__loggerFxn2__C)
                  000099c4    00000004     release_pem4f.oem4f (.const:ti_sysbios_knl_Semaphore_Module__loggerFxn4__C)
                  000099c8    00000004     release_pem4f.oem4f (.const:ti_sysbios_knl_Semaphore_Module__loggerObj__C)
                  000099cc    00000004     release_pem4f.oem4f (.const:ti_sysbios_knl_Swi_LD_end__C)
                  000099d0    00000004     release_pem4f.oem4f (.const:ti_sysbios_knl_Swi_LM_begin__C)
                  000099d4    00000004     release_pem4f.oem4f (.const:ti_sysbios_knl_Swi_LM_post__C)
                  000099d8    00000004     release_pem4f.oem4f (.const:ti_sysbios_knl_Swi_Module__diagsEnabled__C)
                  000099dc    00000004     release_pem4f.oem4f (.const:ti_sysbios_knl_Swi_Module__diagsIncluded__C)
                  000099e0    00000004     release_pem4f.oem4f (.const:ti_sysbios_knl_Swi_Module__diagsMask__C)
                  000099e4    00000004     release_pem4f.oem4f (.const:ti_sysbios_knl_Swi_Module__loggerFxn1__C)
                  000099e8    00000004     release_pem4f.oem4f (.const:ti_sysbios_knl_Swi_Module__loggerFxn4__C)
                  000099ec    00000004     release_pem4f.oem4f (.const:ti_sysbios_knl_Swi_Module__loggerObj__C)
                  000099f0    00000004     release_pem4f.oem4f (.const:ti_sysbios_knl_Swi_Object__count__C)
                  000099f4    00000004     release_pem4f.oem4f (.const:ti_sysbios_knl_Swi_numConstructedSwis__C)
                  000099f8    00000004     release_pem4f.oem4f (.const:ti_sysbios_knl_Task_A_badPriority__C)
                  000099fc    00000004     release_pem4f.oem4f (.const:ti_sysbios_knl_Task_A_badTaskState__C)
                  00009a00    00000004     release_pem4f.oem4f (.const:ti_sysbios_knl_Task_A_badThreadType__C)
                  00009a04    00000004     release_pem4f.oem4f (.const:ti_sysbios_knl_Task_A_noPendElem__C)
                  00009a08    00000004     release_pem4f.oem4f (.const:ti_sysbios_knl_Task_A_taskDisabled__C)
                  00009a0c    00000004     release_pem4f.oem4f (.const:ti_sysbios_knl_Task_E_deleteNotAllowed__C)
                  00009a10    00000004     release_pem4f.oem4f (.const:ti_sysbios_knl_Task_E_spOutOfBounds__C)
                  00009a14    00000004     release_pem4f.oem4f (.const:ti_sysbios_knl_Task_E_stackOverflow__C)
                  00009a18    00000004     release_pem4f.oem4f (.const:ti_sysbios_knl_Task_LD_block__C)
                  00009a1c    00000004     release_pem4f.oem4f (.const:ti_sysbios_knl_Task_LD_exit__C)
                  00009a20    00000004     release_pem4f.oem4f (.const:ti_sysbios_knl_Task_LD_ready__C)
                  00009a24    00000004     release_pem4f.oem4f (.const:ti_sysbios_knl_Task_LM_setPri__C)
                  00009a28    00000004     release_pem4f.oem4f (.const:ti_sysbios_knl_Task_LM_switch__C)
                  00009a2c    00000004     release_pem4f.oem4f (.const:ti_sysbios_knl_Task_Module_State_inactiveQ__O)
                  00009a30    00000004     release_pem4f.oem4f (.const:ti_sysbios_knl_Task_Module_State_terminatedQ__O)
                  00009a34    00000004     release_pem4f.oem4f (.const:ti_sysbios_knl_Task_Module__diagsEnabled__C)
                  00009a38    00000004     release_pem4f.oem4f (.const:ti_sysbios_knl_Task_Module__diagsIncluded__C)
                  00009a3c    00000004     release_pem4f.oem4f (.const:ti_sysbios_knl_Task_Module__diagsMask__C)
                  00009a40    00000004     release_pem4f.oem4f (.const:ti_sysbios_knl_Task_Module__loggerFxn2__C)
                  00009a44    00000004     release_pem4f.oem4f (.const:ti_sysbios_knl_Task_Module__loggerFxn4__C)
                  00009a48    00000004     release_pem4f.oem4f (.const:ti_sysbios_knl_Task_Module__loggerObj__C)
                  00009a4c    00000004     release_pem4f.oem4f (.const:ti_sysbios_knl_Task_Object__count__C)
                  00009a50    00000004     release_pem4f.oem4f (.const:ti_sysbios_knl_Task_Object__heap__C)
                  00009a54    00000004     release_pem4f.oem4f (.const:ti_sysbios_knl_Task_allBlockedFunc__C)
                  00009a58    00000004     release_pem4f.oem4f (.const:ti_sysbios_knl_Task_defaultStackHeap__C)
                  00009a5c    00000004     release_pem4f.oem4f (.const:ti_sysbios_knl_Task_defaultStackSize__C)
                  00009a60    00000004     release_pem4f.oem4f (.const:ti_sysbios_knl_Task_numConstructedTasks__C)
                  00009a64    00000004     release_pem4f.oem4f (.const:xdc_runtime_Assert_E_assertFailed__C)
                  00009a68    00000004     release_pem4f.oem4f (.const:xdc_runtime_Core_A_initializedParams__C)
                  00009a6c    00000004     release_pem4f.oem4f (.const:xdc_runtime_Core_Module__diagsEnabled__C)
                  00009a70    00000004     release_pem4f.oem4f (.const:xdc_runtime_Core_Module__diagsIncluded__C)
                  00009a74    00000004     release_pem4f.oem4f (.const:xdc_runtime_Core_Module__diagsMask__C)
                  00009a78    00000004     release_pem4f.oem4f (.const:xdc_runtime_Error_E_memory__C)
                  00009a7c    00000004     release_pem4f.oem4f (.const:xdc_runtime_Error_policyFxn__C)
                  00009a80    00000004     release_pem4f.oem4f (.const:xdc_runtime_IGateProvider_Interface__BASE__C)
                  00009a84    00000004     release_pem4f.oem4f (.const:xdc_runtime_IHeap_Interface__BASE__C)
                  00009a88    00000004     release_pem4f.oem4f (.const:xdc_runtime_IModule_Interface__BASE__C)
                  00009a8c    00000004     release_pem4f.oem4f (.const:xdc_runtime_Memory_defaultHeapInstance__C)
                  00009a90    00000004     release_pem4f.oem4f (.const:xdc_runtime_Startup_execImpl__C)
                  00009a94    00000004     release_pem4f.oem4f (.const:xdc_runtime_Startup_maxPasses__C)
                  00009a98    00000004     release_pem4f.oem4f (.const:xdc_runtime_Startup_sfxnRts__C)
                  00009a9c    00000004     release_pem4f.oem4f (.const:xdc_runtime_Startup_sfxnTab__C)
                  00009aa0    00000004     release_pem4f.oem4f (.const:xdc_runtime_SysCallback_abortFxn__C)
                  00009aa4    00000004     release_pem4f.oem4f (.const:xdc_runtime_SysCallback_exitFxn__C)
                  00009aa8    00000004     release_pem4f.oem4f (.const:xdc_runtime_System_Module__gateObj__C)
                  00009aac    00000004     release_pem4f.oem4f (.const:xdc_runtime_System_abortFxn__C)
                  00009ab0    00000004     release_pem4f.oem4f (.const:xdc_runtime_System_exitFxn__C)
                  00009ab4    00000004     release_pem4f.oem4f (.const:xdc_runtime_System_maxAtexitHandlers__C)
                  00009ab8    00000004     release_pem4f.oem4f (.const:xdc_runtime_Text_charTab__C)
                  00009abc    00000004     release_pem4f.oem4f (.const:xdc_runtime_Text_nameEmpty__C)
                  00009ac0    00000004     release_pem4f.oem4f (.const:xdc_runtime_Text_nameStatic__C)
                  00009ac4    00000004     release_pem4f.oem4f (.const:xdc_runtime_Text_nameUnknown__C)
                  00009ac8    00000003     drivers_msp432e4.aem4f : GPIOMSP432E4.oem4f (.const:.string:gpioCfgInputTypes)
                  00009acb    00000001     --HOLE-- [fill = 0]
                  00009acc    00000002     release_pem4f.oem4f (.const:ti_sysbios_family_arm_m3_Hwi_Module__id__C)
                  00009ace    00000002     release_pem4f.oem4f (.const:ti_sysbios_family_arm_m3_Hwi_Module__loggerDefined__C)
                  00009ad0    00000002     release_pem4f.oem4f (.const:ti_sysbios_gates_GateMutex_Module__id__C)
                  00009ad2    00000002     release_pem4f.oem4f (.const:ti_sysbios_hal_Hwi_Module__id__C)
                  00009ad4    00000002     release_pem4f.oem4f (.const:ti_sysbios_heaps_HeapMem_Module__id__C)
                  00009ad6    00000002     release_pem4f.oem4f (.const:ti_sysbios_knl_Clock_Module__id__C)
                  00009ad8    00000002     release_pem4f.oem4f (.const:ti_sysbios_knl_Clock_Module__loggerDefined__C)
                  00009ada    00000002     release_pem4f.oem4f (.const:ti_sysbios_knl_Semaphore_Module__id__C)
                  00009adc    00000002     release_pem4f.oem4f (.const:ti_sysbios_knl_Semaphore_Module__loggerDefined__C)
                  00009ade    00000002     release_pem4f.oem4f (.const:ti_sysbios_knl_Swi_Module__id__C)
                  00009ae0    00000002     release_pem4f.oem4f (.const:ti_sysbios_knl_Swi_Module__loggerDefined__C)
                  00009ae2    00000002     release_pem4f.oem4f (.const:ti_sysbios_knl_Task_Module__id__C)
                  00009ae4    00000002     release_pem4f.oem4f (.const:ti_sysbios_knl_Task_Module__loggerDefined__C)
                  00009ae6    00000002     release_pem4f.oem4f (.const:xdc_runtime_Core_Module__id__C)
                  00009ae8    00000002     release_pem4f.oem4f (.const:xdc_runtime_Memory_Module__id__C)
                  00009aea    00000002     release_pem4f.oem4f (.const:xdc_runtime_Text_charCnt__C)
                  00009aec    00000002     release_pem4f.oem4f (.const:xdc_runtime_Text_isLoaded__C)

.cinit     0    00009af0    00000310     
                  00009af0    000002e9     (.cinit..data.load) [load image, compression = lzss]
                  00009dd9    00000003     --HOLE-- [fill = 0]
                  00009ddc    0000000c     (__TI_handler_table)
                  00009de8    00000008     (.cinit..bss.load) [load image, compression = zero_init]
                  00009df0    00000010     (__TI_cinit_table)

.init_array 
*          0    00000000    00000000     UNINITIALIZED

.bss       0    20030400    00000b80     UNINITIALIZED
                  20030400    00000400     MSP_EXP432E401Y.obj (.bss:dmaControlTable)
                  20030800    00000360     (.common:ti_sysbios_family_arm_m3_Hwi_dispatchTable)
                  20030b60    00000200     release_pem4f.oem4f (.bss:taskStackSection)
                  20030d60    0000009c     (.common:timerMSP432E4Objects)
                  20030dfc    00000094     (.common:adcbufMSP432E4Objects)
                  20030e90    00000090     drivers_msp432e4.aem4f : GPIOMSP432E4.oem4f (.bss:gpioCallbackInfo)
                  20030f20    0000001c     sysbios.aem4f : BIOS.obj (.bss:sem$48)
                  20030f3c    00000014     (.common:voltageBuffer)
                  20030f50    0000000c     (.common:sampleBufferOne)
                  20030f5c    0000000c     (.common:sampleBufferTwo)
                  20030f68    00000008     (.common:ti_sysbios_knl_Task_Instance_State_0_hookEnv__A)
                  20030f70    00000008     (.common:udmaMSP432E4Object)
                  20030f78    00000004     drivers_msp432e4.aem4f : GPIOMSP432E4.oem4f (.bss)
                  20030f7c    00000004                            : TimerMSP432E4.oem4f (.bss:timerState)

.data      0    20030f80    0000065c     UNINITIALIZED
                  20030f80    0000016c     drivers_msp432e4.aem4f : PowerMSP432E4.oem4f (.data:PowerMSP432E4_module)
                  200310ec    00000080     release_pem4f.oem4f (.data:ti_sysbios_knl_Swi_Module_State_0_readyQ__A)
                  2003116c    00000080     release_pem4f.oem4f (.data:ti_sysbios_knl_Task_Module_State_0_readyQ__A)
                  200311ec    00000054     release_pem4f.oem4f (.data:ti_sysbios_gates_GateMutex_Object__table__V)
                  20031240    00000050     MSP_EXP432E401Y.obj (.data:adcBuf0MSP432E4Channels)
                  20031290    0000004c     release_pem4f.oem4f (.data:ti_sysbios_knl_Task_Object__table__V)
                  200312dc    00000044     release_pem4f.oem4f (.data:ti_sysbios_knl_Task_Module__state__V)
                  20031320    00000040     release_pem4f.oem4f (.data:ti_sysbios_family_arm_lm4_Timer_Module_State_0_device__A)
                  20031360    00000040     release_pem4f.oem4f (.data:ti_sysbios_family_arm_lm4_Timer_Object__table__V)
                  200313a0    00000034     release_pem4f.oem4f (.data:ti_sysbios_family_arm_m3_Hwi_Module__state__V)
                  200313d4    00000030     release_pem4f.oem4f (.data:ti_sysbios_knl_Swi_Object__table__V)
                  20031404    0000002c     release_pem4f.oem4f (.data:ti_sysbios_knl_Clock_Module__state__V)
                  20031430    00000024     release_pem4f.oem4f (.data:ti_sysbios_BIOS_Module__state__V)
                  20031454    00000020     release_pem4f.oem4f (.data:ti_sysbios_family_arm_lm4_Timer_Module_State_0_handles__A)
                  20031474    00000020     release_pem4f.oem4f (.data:xdc_runtime_Error_IgnoreBlock)
                  20031494    0000001c     release_pem4f.oem4f (.data:ti_sysbios_knl_Swi_Module__state__V)
                  200314b0    00000018     release_pem4f.oem4f (.data:ti_sysbios_family_arm_m3_Hwi_Object__table__V)
                  200314c8    00000018     release_pem4f.oem4f (.data:ti_sysbios_heaps_HeapMem_Object__table__V)
                  200314e0    00000016     sysbios.aem4f : BIOS.obj (.data)
                  200314f6    00000002     release_pem4f.oem4f (.data:ti_sysbios_family_arm_m3_Hwi_Module_State_0_excActive__A)
                  200314f8    00000014     sysbios.aem4f : BIOS.obj (.data:defaultPthreadAttrs$45)
                  2003150c    00000012     empty.obj (.data:states)
                  2003151e    00000001     drivers_msp432e4.aem4f : ADCBuf.oem4f (.data)
                  2003151f    00000001                            : Timer.oem4f (.data)
                  20031520    00000011     empty.obj (.data)
                  20031531    00000001     drivers_msp432e4.aem4f : UDMAMSP432E4.oem4f (.data)
                  20031532    00000002     --HOLE--
                  20031534    00000010                            : ADCBufMSP432E4.oem4f (.data:timerSettings)
                  20031544    0000000c     release_pem4f.oem4f (.data:ti_sysbios_family_arm_lm4_Timer_Module__state__V)
                  20031550    00000008     rtsv7M4_T_le_v4SPD16_eabi.lib : _lock.c.obj (.data:$O1$$)
                  20031558    00000008     drivers_msp432e4.aem4f : ADCBufMSP432E4.oem4f (.data:globalMutex)
                  20031560    00000008     release_pem4f.oem4f (.data:ti_sysbios_family_arm_m3_Hwi_Module__root__V)
                  20031568    00000008     release_pem4f.oem4f (.data:ti_sysbios_gates_GateHwi_Module__root__V)
                  20031570    00000008     release_pem4f.oem4f (.data:ti_sysbios_gates_GateMutex_Module__root__V)
                  20031578    00000008     release_pem4f.oem4f (.data:ti_sysbios_heaps_HeapMem_Module__root__V)
                  20031580    00000008     release_pem4f.oem4f (.data:ti_sysbios_knl_Queue_Module__root__V)
                  20031588    00000008     release_pem4f.oem4f (.data:ti_sysbios_knl_Semaphore_Module__root__V)
                  20031590    00000008     release_pem4f.oem4f (.data:ti_sysbios_knl_Task_Module__root__V)
                  20031598    00000008     release_pem4f.oem4f (.data:xdc_runtime_Startup_Module__state__V)
                  200315a0    00000008     release_pem4f.oem4f (.data:xdc_runtime_System_Module_State_0_atexitHandlers__A)
                  200315a8    00000008     release_pem4f.oem4f (.data:xdc_runtime_System_Module__state__V)
                  200315b0    00000005     drivers_msp432e4.aem4f : GPIOMSP432E4.oem4f (.data)
                  200315b5    00000003     --HOLE--
                  200315b8    00000004     rtsv7M4_T_le_v4SPD16_eabi.lib : stkdepth_vars.c.obj (.data)
                  200315bc    00000004     MSP_EXP432E401Y.obj (.data:seqPriorities)
                  200315c0    00000004     release_pem4f.oem4f (.data:ti_sysbios_family_arm_m3_Hwi_Module_State_0_excContext__A)
                  200315c4    00000004     release_pem4f.oem4f (.data:ti_sysbios_family_arm_m3_Hwi_Module_State_0_excStack__A)
                  200315c8    00000004     release_pem4f.oem4f (.data:ti_sysbios_gates_GateHwi_Object__table__V)
                  200315cc    00000004     release_pem4f.oem4f (.data:ti_sysbios_knl_Task_Module_State_0_idleTask__A)
                  200315d0    00000004     release_pem4f.oem4f (.data:ti_sysbios_rts_ti_ReentSupport_Module__state__V)
                  200315d4    00000004     MSP_EXP432E401Y.obj (.data:triggerSource)
                  200315d8    00000004     release_pem4f.oem4f (.data:xdc_runtime_Memory_Module__state__V)

.priheap   0    20000360    00030000     UNINITIALIZED
                  20000360    00030000     --HOLE--

.stack     0    2003fc00    00000400     UNINITIALIZED
                  2003fc00    00000400     --HOLE--

.bootVecs 
*          0    00000000    00000008     DSECT
                  00000000    00000008     boot.aem4f : boot.oem4f (.bootVecs)

.resetVecs 
*          0    00000000    0000003c     
                  00000000    0000003c     release_pem4f.oem4f (.resetVecs)

.vecs      0    20000000    00000360     NOLOAD SECTION
                  20000000    00000360     release_pem4f.oem4f (.vecs)

xdc.meta   0    00000000    00000104     COPY SECTION
                  00000000    00000104     release_pem4f.oem4f (xdc.meta)

.binit     0    00000000    00000000     

MODULE SUMMARY

       Module                       code    ro data   rw data
       ------                       ----    -------   -------
    .\
       MSP_EXP432E401Y.obj          76      182       1424   
       empty.obj                    780     0         79     
       main_tirtos.obj              140     0         0      
    +--+----------------------------+-------+---------+---------+
       Total:                       996     182       1503   
                                                             
    C:\Users\Anthony\workspace_v8\tirtos_builds_MSP_EXP432E401Y_release_ccs\Debug\configPkg\package\cfg\
       release_pem4f.oem4f          1402    7570      3298   
    +--+----------------------------+-------+---------+---------+
       Total:                       1402    7570      3298   
                                                             
    C:/ti/simplelink_msp432e4_sdk_2_10_00_17/kernel/tirtos/packages/ti/dpl/lib/dpl_msp432e4.aem4f
       SemaphoreP_tirtos.oem4f      146     0         0      
       HwiP_tirtos.oem4f            100     0         0      
       PowerMSP432E4_tirtos.oem4f   16      0         0      
       ClockP_tirtos.oem4f          4       0         0      
    +--+----------------------------+-------+---------+---------+
       Total:                       266     0         0      
                                                             
    C:/ti/simplelink_msp432e4_sdk_2_10_00_17/source/ti/devices/msp432e4/driverlib/lib/ccs/m4f/msp432e4_driverlib.a
       gpio_MSP432E411Y.obj         508     0         0      
       sysctl_MSP432E411Y.obj       464     0         0      
       timer_MSP432E411Y.obj        184     0         0      
       adc_MSP432E411Y.obj          174     0         0      
       udma_MSP432E411Y.obj         52      0         0      
    +--+----------------------------+-------+---------+---------+
       Total:                       1382    0         0      
                                                             
    C:/ti/simplelink_msp432e4_sdk_2_10_00_17/source/ti/drivers/lib/drivers_msp432e4.aem4f
       ADCBufMSP432E4.oem4f         2736    80        24     
       GPIOMSP432E4.oem4f           732     196       153    
       TimerMSP432E4.oem4f          1018    28        4      
       PowerMSP432E4.oem4f          336     0         364    
       ADCBuf.oem4f                 148     24        1      
       Timer.oem4f                  154     12        1      
       UDMAMSP432E4.oem4f           138     0         1      
    +--+----------------------------+-------+---------+---------+
       Total:                       5262    340       548    
                                                             
    C:\Users\Anthony\workspace_v8\tirtos_builds_MSP_EXP432E401Y_release_ccs\src\sysbios\sysbios.aem4f
       BIOS.obj                     20244   452       70     
       m3_Hwi_asm.obj               310     0         0      
       m3_TaskSupport_asm.obj       180     0         0      
       m3_Hwi_asm_switch.obj        118     0         0      
    +--+----------------------------+-------+---------+---------+
       Total:                       20852   452       70     
                                                             
    C:\ti\ccsv8\tools\compiler\ti-cgt-arm_18.1.2.LTS\lib\rtsv7M4_T_le_v4SPD16_eabi.lib
       memcpy_t2.asm.obj            156     0         0      
       ull_div_t2.asm.obj           150     0         0      
       memset_t2.asm.obj            122     0         0      
       copy_decompress_lzss.c.obj   104     0         0      
       cpy_tbl.c.obj                76      0         0      
       _lock.c.obj                  26      0         8      
       args_main.c.obj              24      0         0      
       copy_decompress_none.c.obj   14      0         0      
       copy_zero_init.c.obj         12      0         0      
       stkdepth_vars.c.obj          0       0         4      
       div0.asm.obj                 2       0         0      
    +--+----------------------------+-------+---------+---------+
       Total:                       686     0         12     
                                                             
[...]
000079bb  ti_sysbios_knl_Task_delete                                      
000079bf  xdc_runtime_System_Module_GateProxy_enter__E                    
000079c3  xdc_runtime_System_Module_GateProxy_leave__E                    
000079c8  xdc_runtime_Text_charTab__A                                     
000091cb  xdc_runtime_Error_policy__C                                     
00009430  ti_sysbios_knl_Task_Object__PARAMS__C                           
0000949c  ti_sysbios_family_arm_m3_Hwi_Object__PARAMS__C                  
000094cc  ti_sysbios_knl_Task_hooks__A                                    
000094fc  timerMSP432E4HWAttrs                                            
0000952c  ti_sysbios_heaps_HeapMem_Module__FXNS__C                        
00009554  ADCBufMSP432E4_fxnTable                                         
00009578  Timer_config                                                    
0000959c  ti_sysbios_gates_GateHwi_Module__FXNS__C                        
000095c0  ti_sysbios_gates_GateMutex_Module__FXNS__C                      
000095e4  ti_sysbios_heaps_HeapMem_Object__PARAMS__C                      
00009608  ti_sysbios_knl_Semaphore_Object__PARAMS__C                      
0000964c  adcbufMSP432E4HWAttrs                                           
0000966c  ti_sysbios_family_arm_m3_Hwi_Object__DESC__C                    
0000968c  ti_sysbios_gates_GateHwi_Object__DESC__C                        
000096ac  ti_sysbios_gates_GateMutex_Object__DESC__C                      
000096cc  ti_sysbios_heaps_HeapMem_Object__DESC__C                        
000096ec  ti_sysbios_knl_Queue_Object__DESC__C                            
0000970c  ti_sysbios_knl_Semaphore_Object__DESC__C                        
0000972c  ti_sysbios_knl_Task_Object__DESC__C                             
0000976c  xdc_runtime_Startup_sfxnTab__A                                  
0000978c  TimerMSP432E4_fxnTable                                          
000097a8  ADCBuf_defaultParams                                            
000097c0  ti_sysbios_gates_GateHwi_Object__PARAMS__C                      
000097d8  ti_sysbios_gates_GateMutex_Object__PARAMS__C                    
000097f0  ti_sysbios_knl_Queue_Object__PARAMS__C                          
00009808  GPIOMSP432E4_config                                             
0000981c  ti_sysbios_knl_Idle_funcList__A                                 
0000982c  xdc_runtime_Startup_firstFxns__A                                
0000983c  xdc_runtime_Startup_sfxnRts__A                                  
0000984c  ADCBuf_config                                                   
00009864  udmaMSP432E4HWAttrs                                             
00009870  PowerMSP432E4_config                                            
00009878  UDMAMSP432E4_config                                             
00009890  ti_sysbios_knl_Idle_funcList__C                                 
00009898  ti_sysbios_knl_Task_hooks__C                                    
000098a0  xdc_runtime_Startup_firstFxns__C                                
000098a8  xdc_runtime_Startup_lastFxns__C                                 
000098bd  ADC_count                                                       
000098be  ADCBuf_count                                                    
000098bf  I2C_count                                                       
000098c0  PWM_count                                                       
000098c1  Timer_count                                                     
000098c2  UART_count                                                      
000098cc  ti_sysbios_family_arm_lm4_Timer_enableFunc__C                   
000098d0  ti_sysbios_family_arm_lm4_Timer_numTimerDevices__C              
000098d4  ti_sysbios_family_arm_lm4_Timer_startupNeeded__C                
000098d8  ti_sysbios_family_arm_m3_Hwi_E_alreadyDefined__C                
000098dc  ti_sysbios_family_arm_m3_Hwi_LD_end__C                          
000098e0  ti_sysbios_family_arm_m3_Hwi_LM_begin__C                        
000098e4  ti_sysbios_family_arm_m3_Hwi_Module__diagsEnabled__C            
000098e8  ti_sysbios_family_arm_m3_Hwi_Module__diagsIncluded__C           
000098ec  ti_sysbios_family_arm_m3_Hwi_Module__diagsMask__C               
000098f0  ti_sysbios_family_arm_m3_Hwi_Module__loggerFxn1__C              
000098f4  ti_sysbios_family_arm_m3_Hwi_Module__loggerFxn8__C              
000098f8  ti_sysbios_family_arm_m3_Hwi_Module__loggerObj__C               
000098fc  ti_sysbios_family_arm_m3_Hwi_NUM_INTERRUPTS__C                  
00009900  ti_sysbios_family_arm_m3_Hwi_Object__count__C                   
00009904  ti_sysbios_family_arm_m3_Hwi_ccr__C                             
00009908  ti_sysbios_family_arm_m3_Hwi_excHandlerFunc__C                  
0000990c  ti_sysbios_family_arm_m3_Hwi_nullIsrFunc__C                     
00009910  ti_sysbios_family_arm_m3_Hwi_priGroup__C                        
00009914  ti_sysbios_family_arm_m3_TaskSupport_stackAlignment__C          
00009918  ti_sysbios_gates_GateMutex_A_badContext__C                      
0000991c  ti_sysbios_gates_GateMutex_Instance_State_sem__O                
00009920  ti_sysbios_gates_GateMutex_Module__diagsEnabled__C              
00009924  ti_sysbios_gates_GateMutex_Module__diagsIncluded__C             
00009928  ti_sysbios_gates_GateMutex_Module__diagsMask__C                 
0000992c  ti_sysbios_hal_Hwi_E_stackOverflow__C                           
00009930  ti_sysbios_heaps_HeapMem_A_align__C                             
00009934  ti_sysbios_heaps_HeapMem_A_heapSize__C                          
00009938  ti_sysbios_heaps_HeapMem_A_invalidFree__C                       
0000993c  ti_sysbios_heaps_HeapMem_A_zeroBlock__C                         
00009940  ti_sysbios_heaps_HeapMem_E_memory__C                            
00009944  ti_sysbios_heaps_HeapMem_Module__diagsEnabled__C                
00009948  ti_sysbios_heaps_HeapMem_Module__diagsIncluded__C               
0000994c  ti_sysbios_heaps_HeapMem_Module__diagsMask__C                   
00009950  ti_sysbios_heaps_HeapMem_Module__gateObj__C                     
00009954  ti_sysbios_heaps_HeapMem_Object__count__C                       
00009958  ti_sysbios_heaps_HeapMem_primaryHeapBaseAddr__C                 
0000995c  ti_sysbios_heaps_HeapMem_primaryHeapEndAddr__C                  
00009960  ti_sysbios_heaps_HeapMem_reqAlign__C                            
00009964  ti_sysbios_knl_Clock_LM_begin__C                                
00009968  ti_sysbios_knl_Clock_LM_tick__C                                 
0000996c  ti_sysbios_knl_Clock_LW_delayed__C                              
00009970  ti_sysbios_knl_Clock_Module_State_clockQ__O                     
00009974  ti_sysbios_knl_Clock_Module__diagsEnabled__C                    
00009978  ti_sysbios_knl_Clock_Module__diagsIncluded__C                   
0000997c  ti_sysbios_knl_Clock_Module__diagsMask__C                       
00009980  ti_sysbios_knl_Clock_Module__loggerFxn1__C                      
00009984  ti_sysbios_knl_Clock_Module__loggerFxn2__C                      
00009988  ti_sysbios_knl_Clock_Module__loggerObj__C                       
0000998c  ti_sysbios_knl_Mailbox_Instance_State_freeQue__O                
00009990  ti_sysbios_knl_Mailbox_Object__count__C                         
00009994  ti_sysbios_knl_Mailbox_maxTypeAlign__C                          
00009998  ti_sysbios_knl_Semaphore_A_badContext__C                        
0000999c  ti_sysbios_knl_Semaphore_A_noEvents__C                          
000099a0  ti_sysbios_knl_Semaphore_A_overflow__C                          
000099a4  ti_sysbios_knl_Semaphore_A_pendTaskDisabled__C                  
000099a8  ti_sysbios_knl_Semaphore_Instance_State_pendQ__O                
000099ac  ti_sysbios_knl_Semaphore_LM_pend__C                             
000099b0  ti_sysbios_knl_Semaphore_LM_post__C                             
000099b4  ti_sysbios_knl_Semaphore_Module__diagsEnabled__C                
000099b8  ti_sysbios_knl_Semaphore_Module__diagsIncluded__C               
000099bc  ti_sysbios_knl_Semaphore_Module__diagsMask__C                   
000099c0  ti_sysbios_knl_Semaphore_Module__loggerFxn2__C                  
000099c4  ti_sysbios_knl_Semaphore_Module__loggerFxn4__C                  
000099c8  ti_sysbios_knl_Semaphore_Module__loggerObj__C                   
000099cc  ti_sysbios_knl_Swi_LD_end__C                                    
000099d0  ti_sysbios_knl_Swi_LM_begin__C                                  
000099d4  ti_sysbios_knl_Swi_LM_post__C                                   
000099d8  ti_sysbios_knl_Swi_Module__diagsEnabled__C                      
000099dc  ti_sysbios_knl_Swi_Module__diagsIncluded__C                     
000099e0  ti_sysbios_knl_Swi_Module__diagsMask__C                         
000099e4  ti_sysbios_knl_Swi_Module__loggerFxn1__C                        
000099e8  ti_sysbios_knl_Swi_Module__loggerFxn4__C                        
000099ec  ti_sysbios_knl_Swi_Module__loggerObj__C                         
000099f0  ti_sysbios_knl_Swi_Object__count__C                             
000099f4  ti_sysbios_knl_Swi_numConstructedSwis__C                        
000099f8  ti_sysbios_knl_Task_A_badPriority__C                            
000099fc  ti_sysbios_knl_Task_A_badTaskState__C                           
00009a00  ti_sysbios_knl_Task_A_badThreadType__C                          
00009a04  ti_sysbios_knl_Task_A_noPendElem__C                             
00009a08  ti_sysbios_knl_Task_A_taskDisabled__C                           
00009a0c  ti_sysbios_knl_Task_E_deleteNotAllowed__C                       
00009a10  ti_sysbios_knl_Task_E_spOutOfBounds__C                          
00009a14  ti_sysbios_knl_Task_E_stackOverflow__C                          
00009a18  ti_sysbios_knl_Task_LD_block__C                                 
00009a1c  ti_sysbios_knl_Task_LD_exit__C                                  
00009a20  ti_sysbios_knl_Task_LD_ready__C                                 
00009a24  ti_sysbios_knl_Task_LM_setPri__C                                
00009a28  ti_sysbios_knl_Task_LM_switch__C                                
00009a2c  ti_sysbios_knl_Task_Module_State_inactiveQ__O                   
00009a30  ti_sysbios_knl_Task_Module_State_terminatedQ__O                 
00009a34  ti_sysbios_knl_Task_Module__diagsEnabled__C                     
00009a38  ti_sysbios_knl_Task_Module__diagsIncluded__C                    
00009a3c  ti_sysbios_knl_Task_Module__diagsMask__C                        
00009a40  ti_sysbios_knl_Task_Module__loggerFxn2__C                       
00009a44  ti_sysbios_knl_Task_Module__loggerFxn4__C                       
00009a48  ti_sysbios_knl_Task_Module__loggerObj__C                        
00009a4c  ti_sysbios_knl_Task_Object__count__C                            
00009a50  ti_sysbios_knl_Task_Object__heap__C                             
00009a54  ti_sysbios_knl_Task_allBlockedFunc__C                           
00009a58  ti_sysbios_knl_Task_defaultStackHeap__C                         
00009a5c  ti_sysbios_knl_Task_defaultStackSize__C                         
00009a60  ti_sysbios_knl_Task_numConstructedTasks__C                      
00009a64  xdc_runtime_Assert_E_assertFailed__C                            
00009a68  xdc_runtime_Core_A_initializedParams__C                         
00009a6c  xdc_runtime_Core_Module__diagsEnabled__C                        
00009a70  xdc_runtime_Core_Module__diagsIncluded__C                       
00009a74  xdc_runtime_Core_Module__diagsMask__C                           
00009a78  xdc_runtime_Error_E_memory__C                                   
00009a7c  xdc_runtime_Error_policyFxn__C                                  
00009a80  xdc_runtime_IGateProvider_Interface__BASE__C                    
00009a84  xdc_runtime_IHeap_Interface__BASE__C                            
00009a88  xdc_runtime_IModule_Interface__BASE__C                          
00009a8c  xdc_runtime_Memory_defaultHeapInstance__C                       
00009a90  xdc_runtime_Startup_execImpl__C                                 
00009a94  xdc_runtime_Startup_maxPasses__C                                
00009a98  xdc_runtime_Startup_sfxnRts__C                                  
00009a9c  xdc_runtime_Startup_sfxnTab__C                                  
00009aa0  xdc_runtime_SysCallback_abortFxn__C                             
00009aa4  xdc_runtime_SysCallback_exitFxn__C                              
00009aa8  xdc_runtime_System_Module__gateObj__C                           
00009aac  xdc_runtime_System_abortFxn__C                                  
00009ab0  xdc_runtime_System_exitFxn__C                                   
00009ab4  xdc_runtime_System_maxAtexitHandlers__C                         
00009ab8  xdc_runtime_Text_charTab__C                                     
00009abc  xdc_runtime_Text_nameEmpty__C                                   
00009ac0  xdc_runtime_Text_nameStatic__C                                  
00009ac4  xdc_runtime_Text_nameUnknown__C                                 
00009acc  ti_sysbios_family_arm_m3_Hwi_Module__id__C                      
00009ace  ti_sysbios_family_arm_m3_Hwi_Module__loggerDefined__C           
00009ad0  ti_sysbios_gates_GateMutex_Module__id__C                        
00009ad2  ti_sysbios_hal_Hwi_Module__id__C                                
00009ad4  ti_sysbios_heaps_HeapMem_Module__id__C                          
00009ad6  ti_sysbios_knl_Clock_Module__id__C                              
00009ad8  ti_sysbios_knl_Clock_Module__loggerDefined__C                   
00009ada  ti_sysbios_knl_Semaphore_Module__id__C                          
00009adc  ti_sysbios_knl_Semaphore_Module__loggerDefined__C               
00009ade  ti_sysbios_knl_Swi_Module__id__C                                
00009ae0  ti_sysbios_knl_Swi_Module__loggerDefined__C                     
00009ae2  ti_sysbios_knl_Task_Module__id__C                               
00009ae4  ti_sysbios_knl_Task_Module__loggerDefined__C                    
00009ae6  xdc_runtime_Core_Module__id__C                                  
00009ae8  xdc_runtime_Memory_Module__id__C                                
00009aea  xdc_runtime_Text_charCnt__C                                     
00009aec  xdc_runtime_Text_isLoaded__C                                    
00009af0  __TI_static_base__                                              
00009ddc  __TI_Handler_Table_Base                                         
00009de8  __TI_Handler_Table_Limit                                        
00009df0  __TI_CINIT_Base                                                 
00009e00  __TI_CINIT_Limit                                                
00030000  HEAPSIZE                                                        
20000000  ti_sysbios_family_arm_m3_Hwi_ramVectors                         
20000360  __primary_heap_start__                                          
20030360  __primary_heap_end__                                            
20030400  gpioCallbackFunctions                                           
20030400  gpioPinConfigs                                                  
20030800  ti_sysbios_family_arm_m3_Hwi_dispatchTable                      
20030b60  ti_sysbios_knl_Task_Instance_State_0_stack__A                   
20030d60  timerMSP432E4Objects                                            
20030dfc  adcbufMSP432E4Objects                                           
20030f3c  voltageBuffer                                                   
20030f50  sampleBufferOne                                                 
20030f5c  sampleBufferTwo                                                 
20030f68  ti_sysbios_knl_Task_Instance_State_0_hookEnv__A                 
20030f70  udmaMSP432E4Object                                              
20030f80  PowerMSP432E4_module                                            
200310ec  ti_sysbios_knl_Swi_Module_State_0_readyQ__A                     
2003116c  ti_sysbios_knl_Task_Module_State_0_readyQ__A                    
200311ec  ti_sysbios_gates_GateMutex_Object__table__V                     
20031240  adcBuf0MSP432E4Channels                                         
20031290  ti_sysbios_knl_Task_Object__table__V                            
200312dc  ti_sysbios_knl_Task_Module__state__V                            
20031320  ti_sysbios_family_arm_lm4_Timer_Module_State_0_device__A        
20031360  ti_sysbios_family_arm_lm4_Timer_Object__table__V                
200313a0  ti_sysbios_family_arm_m3_Hwi_Module__state__V                   
200313d4  ti_sysbios_knl_Swi_Object__table__V                             
20031404  ti_sysbios_knl_Clock_Module__state__V                           
20031430  ti_sysbios_BIOS_Module__state__V                                
20031454  ti_sysbios_family_arm_lm4_Timer_Module_State_0_handles__A       
20031474  xdc_runtime_Error_IgnoreBlock                                   
20031494  ti_sysbios_knl_Swi_Module__state__V                             
200314b0  ti_sysbios_family_arm_m3_Hwi_Object__table__V                   
200314c8  ti_sysbios_heaps_HeapMem_Object__table__V                       
200314f6  ti_sysbios_family_arm_m3_Hwi_Module_State_0_excActive__A        
2003150c  states                                                          
20031520  buffersCompletedCounter                                         
20031528  state_counter                                                   
20031530  chopper_flag                                                    
20031544  ti_sysbios_family_arm_lm4_Timer_Module__state__V                
20031550  _lock                                                           
20031554  _unlock                                                         
20031560  ti_sysbios_family_arm_m3_Hwi_Module__root__V                    
20031568  ti_sysbios_gates_GateHwi_Module__root__V                        
20031570  ti_sysbios_gates_GateMutex_Module__root__V                      
20031578  ti_sysbios_heaps_HeapMem_Module__root__V                        
20031580  ti_sysbios_knl_Queue_Module__root__V                            
20031588  ti_sysbios_knl_Semaphore_Module__root__V                        
20031590  ti_sysbios_knl_Task_Module__root__V                             
20031598  xdc_runtime_Startup_Module__state__V                            
200315a0  xdc_runtime_System_Module_State_0_atexitHandlers__A             
200315a8  xdc_runtime_System_Module__state__V                             
200315b8  main_func_sp                                                    
200315c0  ti_sysbios_family_arm_m3_Hwi_Module_State_0_excContext__A       
200315c4  ti_sysbios_family_arm_m3_Hwi_Module_State_0_excStack__A         
200315c8  ti_sysbios_gates_GateHwi_Object__table__V                       
200315cc  ti_sysbios_knl_Task_Module_State_0_idleTask__A                  
200315d0  ti_sysbios_rts_ti_ReentSupport_Module__state__V                 
200315d8  xdc_runtime_Memory_Module__state__V                             
2003fc00  __stack                                                         
20040000  __STACK_END                                                     
e000e000  ti_sysbios_family_arm_m3_Hwi_nvic                               
ffffffff  __TI_pprof_out_hndl                                             
ffffffff  __TI_prof_data_size                                             
ffffffff  __TI_prof_data_start                                            
ffffffff  __binit__                                                       
ffffffff  __c_args__                                                      
ffffffff  binit                                                           
UNDEFED   SHT$$INIT_ARRAY$$Base                                           
UNDEFED   SHT$$INIT_ARRAY$$Limit                                          

[660 symbols]
